
> job-referral-platform@0.0.1 build
> nest build

[36m> [39m[46m[1m SWC [22m[49m [36mRunning...[39m
node.exe : Successfully compiled: 102 files with swc (314.43ms)
At C:\Program Files\nodejs\npm.ps1:29 char:3
+   & $NODE_EXE $NPM_CLI_JS $args
+   ~~~~~~~~~~~~~~~~~~~~~~~~~~~~~
    + CategoryInfo          : NotSpecified: (Successfully co... swc (314.43 
   ms):String) [], RemoteException
    + FullyQualifiedErrorId : NativeCommandError
 
