prisma/reset-schedule-for-new-flow.ts(41,74): error TS2339: Property 'name' does not exist on type '{ id: string; email: string; phone: string | null; googleId: string | null; passwordHash: string | null; role: UserRole; status: UserStatus; emailVerified: boolean; ... 4 more ...; authProvider: string; }'.
prisma/seed.ts(18,9): error TS2322: Type '{ email: string; passwordHash: string; role: "ADMIN"; status: "ACTIVE"; emailVerified: true; }' is not assignable to type '(Without<UserCreateInput, UserUncheckedCreateInput> & UserUncheckedCreateInput) | (Without<...> & UserCreateInput)'.
  Type '{ email: string; passwordHash: string; role: "ADMIN"; status: "ACTIVE"; emailVerified: true; }' is not assignable to type 'Without<UserUncheckedCreateInput, UserCreateInput> & UserCreateInput'.
    Type '{ email: string; passwordHash: string; role: "ADMIN"; status: "ACTIVE"; emailVerified: true; }' is missing the following properties from type 'UserCreateInput': id, updatedAt
prisma/seed.ts(33,9): error TS2322: Type '{ email: string; passwordHash: string; role: "HR"; status: "ACTIVE"; emailVerified: true; }' is not assignable to type '(Without<UserCreateInput, UserUncheckedCreateInput> & UserUncheckedCreateInput) | (Without<...> & UserCreateInput)'.
  Type '{ email: string; passwordHash: string; role: "HR"; status: "ACTIVE"; emailVerified: true; }' is not assignable to type 'Without<UserUncheckedCreateInput, UserCreateInput> & UserCreateInput'.
    Type '{ email: string; passwordHash: string; role: "HR"; status: "ACTIVE"; emailVerified: true; }' is missing the following properties from type 'UserCreateInput': id, updatedAt
prisma/seed.ts(45,9): error TS2322: Type '{ userId: string; companyName: string; companyEmail: string; companyWebsite: string; designation: string; approvalStatus: "APPROVED"; approvedAt: Date; }' is not assignable to type '(Without<HRCreateInput, HRUncheckedCreateInput> & HRUncheckedCreateInput) | (Without<HRUncheckedCreateInput, HRCreateInput> & HRCreateInput)'.
  Type '{ userId: string; companyName: string; companyEmail: string; companyWebsite: string; designation: string; approvalStatus: "APPROVED"; approvedAt: Date; }' is not assignable to type 'Without<HRCreateInput, HRUncheckedCreateInput> & HRUncheckedCreateInput'.
    Type '{ userId: string; companyName: string; companyEmail: string; companyWebsite: string; designation: string; approvalStatus: "APPROVED"; approvedAt: Date; }' is missing the following properties from type 'HRUncheckedCreateInput': id, updatedAt
prisma/seed.ts(61,9): error TS2322: Type '{ id: string; title: string; description: string; duration: number; passingScore: number; totalQuestions: number; shuffleQuestions: true; maxTabSwitches: number; difficulty: string; }' is not assignable to type '(Without<TestCreateInput, TestUncheckedCreateInput> & TestUncheckedCreateInput) | (Without<...> & TestCreateInput)'.
  Type '{ id: string; title: string; description: string; duration: number; passingScore: number; totalQuestions: number; shuffleQuestions: true; maxTabSwitches: number; difficulty: string; }' is not assignable to type 'Without<TestUncheckedCreateInput, TestCreateInput> & TestCreateInput'.
    Property 'updatedAt' is missing in type '{ id: string; title: string; description: string; duration: number; passingScore: number; totalQuestions: number; shuffleQuestions: true; maxTabSwitches: number; difficulty: string; }' but required in type 'TestCreateInput'.
prisma/seed.ts(260,13): error TS2322: Type '{ slug: string; title: string; description: string; requirements: string; responsibilities: string; companyName: string; location: string; isRemote: boolean; salaryMin: number; salaryMax: number; ... 6 more ...; postedAt: Date; }' is not assignable to type '(Without<JobCreateInput, JobUncheckedCreateInput> & JobUncheckedCreateInput) | (Without<JobUncheckedCreateInput, JobCreateInput> & JobCreateInput)'.
  Type '{ slug: string; title: string; description: string; requirements: string; responsibilities: string; companyName: string; location: string; isRemote: boolean; salaryMin: number; salaryMax: number; ... 6 more ...; postedAt: Date; }' is not assignable to type 'Without<JobCreateInput, JobUncheckedCreateInput> & JobUncheckedCreateInput'.
    Type '{ slug: string; title: string; description: string; requirements: string; responsibilities: string; companyName: string; location: string; isRemote: boolean; salaryMin: number; salaryMax: number; ... 6 more ...; postedAt: Date; }' is missing the following properties from type 'JobUncheckedCreateInput': id, updatedAt
prisma/seed.ts(286,17): error TS2322: Type '{ jobId: string; name: string; isRequired: true; }' is not assignable to type '(Without<JobSkillCreateInput, JobSkillUncheckedCreateInput> & JobSkillUncheckedCreateInput) | (Without<...> & JobSkillCreateInput)'.
  Type '{ jobId: string; name: string; isRequired: true; }' is not assignable to type 'Without<JobSkillCreateInput, JobSkillUncheckedCreateInput> & JobSkillUncheckedCreateInput'.
    Property 'id' is missing in type '{ jobId: string; name: string; isRequired: true; }' but required in type 'JobSkillUncheckedCreateInput'.
prisma/seed.ts(301,9): error TS2322: Type '{ email: string; passwordHash: string; role: "CANDIDATE"; status: "ACTIVE"; emailVerified: true; }' is not assignable to type '(Without<UserCreateInput, UserUncheckedCreateInput> & UserUncheckedCreateInput) | (Without<...> & UserCreateInput)'.
  Type '{ email: string; passwordHash: string; role: "CANDIDATE"; status: "ACTIVE"; emailVerified: true; }' is not assignable to type 'Without<UserUncheckedCreateInput, UserCreateInput> & UserCreateInput'.
    Type '{ email: string; passwordHash: string; role: "CANDIDATE"; status: "ACTIVE"; emailVerified: true; }' is missing the following properties from type 'UserCreateInput': id, updatedAt
prisma/seed.ts(313,9): error TS2322: Type '{ userId: string; firstName: string; lastName: string; headline: string; city: string; country: string; totalExperience: number; }' is not assignable to type '(Without<CandidateCreateInput, CandidateUncheckedCreateInput> & CandidateUncheckedCreateInput) | (Without<...> & CandidateCreateInput)'.
  Type '{ userId: string; firstName: string; lastName: string; headline: string; city: string; country: string; totalExperience: number; }' is not assignable to type 'Without<CandidateCreateInput, CandidateUncheckedCreateInput> & CandidateUncheckedCreateInput'.
    Type '{ userId: string; firstName: string; lastName: string; headline: string; city: string; country: string; totalExperience: number; }' is missing the following properties from type 'CandidateUncheckedCreateInput': id, updatedAt
prisma/seed.ts(346,13): error TS2322: Type '{ candidateId: string; jobId: string; status: "APPLIED"; coverLetter: string; }' is not assignable to type '(Without<JobApplicationCreateInput, JobApplicationUncheckedCreateInput> & JobApplicationUncheckedCreateInput) | (Without<...> & JobApplicationCreateInput)'.
  Type '{ candidateId: string; jobId: string; status: "APPLIED"; coverLetter: string; }' is not assignable to type 'Without<JobApplicationCreateInput, JobApplicationUncheckedCreateInput> & JobApplicationUncheckedCreateInput'.
    Type '{ candidateId: string; jobId: string; status: "APPLIED"; coverLetter: string; }' is missing the following properties from type 'JobApplicationUncheckedCreateInput': id, updatedAt
prisma/seed.ts(361,9): error TS2322: Type '{ email: string; passwordHash: string; role: "EMPLOYEE"; status: "ACTIVE"; emailVerified: true; }' is not assignable to type '(Without<UserCreateInput, UserUncheckedCreateInput> & UserUncheckedCreateInput) | (Without<...> & UserCreateInput)'.
  Type '{ email: string; passwordHash: string; role: "EMPLOYEE"; status: "ACTIVE"; emailVerified: true; }' is not assignable to type 'Without<UserUncheckedCreateInput, UserCreateInput> & UserCreateInput'.
    Type '{ email: string; passwordHash: string; role: "EMPLOYEE"; status: "ACTIVE"; emailVerified: true; }' is missing the following properties from type 'UserCreateInput': id, updatedAt
prisma/seed.ts(373,9): error TS2322: Type '{ userId: string; companyName: string; companyEmail: string; designation: string; isVerified: true; }' is not assignable to type '(Without<EmployeeCreateInput, EmployeeUncheckedCreateInput> & EmployeeUncheckedCreateInput) | (Without<...> & EmployeeCreateInput)'.
  Type '{ userId: string; companyName: string; companyEmail: string; designation: string; isVerified: true; }' is not assignable to type 'Without<EmployeeCreateInput, EmployeeUncheckedCreateInput> & EmployeeUncheckedCreateInput'.
    Type '{ userId: string; companyName: string; companyEmail: string; designation: string; isVerified: true; }' is missing the following properties from type 'EmployeeUncheckedCreateInput': id, updatedAt
prisma/seed.ts(425,13): error TS2322: Type '{ name: string; minReferrals: number; commissionPercent: number; bonusPerReferral: number; description: string; badgeIcon: string; }' is not assignable to type '(Without<CommissionTierCreateInput, CommissionTierUncheckedCreateInput> & CommissionTierUncheckedCreateInput) | (Without<...> & CommissionTierCreateInput)'.
  Type '{ name: string; minReferrals: number; commissionPercent: number; bonusPerReferral: number; description: string; badgeIcon: string; }' is not assignable to type 'Without<CommissionTierUncheckedCreateInput, CommissionTierCreateInput> & CommissionTierCreateInput'.
    Type '{ name: string; minReferrals: number; commissionPercent: number; bonusPerReferral: number; description: string; badgeIcon: string; }' is missing the following properties from type 'CommissionTierCreateInput': id, updatedAt
src/modules/admin/admin.controller.ts(395,7): error TS2345: Argument of type 'string' is not assignable to parameter of type 'PaymentStatus'.
src/modules/admin/admin.service.ts(1032,36): error TS2551: Property 'application' does not exist on type '{ JobApplication: { Candidate: { userId: string; }; Job: { HR: { userId: string; } | null; } & { id: string; status: JobStatus; createdAt: Date; updatedAt: Date; companyName: string; ... 21 more ...; expiresAt: Date | null; }; } & { ...; }; } & { ...; }'. Did you mean 'applicationId'?
src/modules/admin/admin.service.ts(1033,30): error TS2551: Property 'application' does not exist on type '{ JobApplication: { Candidate: { userId: string; }; Job: { HR: { userId: string; } | null; } & { id: string; status: JobStatus; createdAt: Date; updatedAt: Date; companyName: string; ... 21 more ...; expiresAt: Date | null; }; } & { ...; }; } & { ...; }'. Did you mean 'applicationId'?
src/modules/admin/admin.service.ts(1058,13): error TS2561: Object literal may only specify known properties, but 'totalQuestionBank' does not exist in type 'TestSelect<DefaultArgs>'. Did you mean to write 'totalQuestions'?
src/modules/admin/admin.service.ts(1086,33): error TS2551: Property 'TestTemplate' does not exist on type '{ id: string; createdAt: Date; updatedAt: Date; name: string; code: string; description: string | null; displayName: string | null; experienceMin: number; experienceMax: number; isActive: boolean; testId: string | null; testTemplateId: string | null; }'. Did you mean 'testTemplateId'?
src/modules/admin/admin.service.ts(1128,7): error TS2322: Type '{ code: string; name: string; description: string | undefined; displayName: string; experienceMin: number; experienceMax: number; testId: string | undefined; testTemplateId: string | undefined; }' is not assignable to type '(Without<SkillBucketCreateInput, SkillBucketUncheckedCreateInput> & SkillBucketUncheckedCreateInput) | (Without<...> & SkillBucketCreateInput)'.
  Type '{ code: string; name: string; description: string | undefined; displayName: string; experienceMin: number; experienceMax: number; testId: string | undefined; testTemplateId: string | undefined; }' is not assignable to type 'Without<SkillBucketUncheckedCreateInput, SkillBucketCreateInput> & SkillBucketCreateInput'.
    Type '{ code: string; name: string; description: string | undefined; displayName: string; experienceMin: number; experienceMax: number; testId: string | undefined; testTemplateId: string | undefined; }' is not assignable to type 'Without<SkillBucketUncheckedCreateInput, SkillBucketCreateInput>'.
      Types of property 'testId' are incompatible.
        Type 'string | undefined' is not assignable to type 'undefined'.
          Type 'string' is not assignable to type 'undefined'.
src/modules/admin/admin.service.ts(1188,13): error TS2561: Object literal may only specify known properties, but 'jobs' does not exist in type 'SkillBucketCountOutputTypeSelect<DefaultArgs>'. Did you mean to write 'Job'?
src/modules/admin/admin.service.ts(1199,16): error TS2339: Property '_count' does not exist on type '{ id: string; createdAt: Date; updatedAt: Date; name: string; code: string; description: string | null; displayName: string | null; experienceMin: number; experienceMax: number; isActive: boolean; testId: string | null; testTemplateId: string | null; }'.
src/modules/admin/admin.service.ts(1199,42): error TS2339: Property '_count' does not exist on type '{ id: string; createdAt: Date; updatedAt: Date; name: string; code: string; description: string | null; displayName: string | null; experienceMin: number; experienceMax: number; isActive: boolean; testId: string | null; testTemplateId: string | null; }'.
src/modules/admin/admin.service.ts(1201,65): error TS2339: Property '_count' does not exist on type '{ id: string; createdAt: Date; updatedAt: Date; name: string; code: string; description: string | null; displayName: string | null; experienceMin: number; experienceMax: number; isActive: boolean; testId: string | null; testTemplateId: string | null; }'.
src/modules/admin/admin.service.ts(1201,86): error TS2339: Property '_count' does not exist on type '{ id: string; createdAt: Date; updatedAt: Date; name: string; code: string; description: string | null; displayName: string | null; experienceMin: number; experienceMax: number; isActive: boolean; testId: string | null; testTemplateId: string | null; }'.
src/modules/admin/admin.service.ts(1206,16): error TS2339: Property '_count' does not exist on type '{ id: string; createdAt: Date; updatedAt: Date; name: string; code: string; description: string | null; displayName: string | null; experienceMin: number; experienceMax: number; isActive: boolean; testId: string | null; testTemplateId: string | null; }'.
src/modules/admin/admin.service.ts(1267,7): error TS2322: Type '{ jobId: string; skillBucketId: string; }' is not assignable to type '(Without<JobRequiredSkillBucketCreateInput, JobRequiredSkillBucketUncheckedCreateInput> & JobRequiredSkillBucketUncheckedCreateInput) | (Without<...> & JobRequiredSkillBucketCreateInput)'.
  Type '{ jobId: string; skillBucketId: string; }' is not assignable to type 'Without<JobRequiredSkillBucketCreateInput, JobRequiredSkillBucketUncheckedCreateInput> & JobRequiredSkillBucketUncheckedCreateInput'.
    Property 'id' is missing in type '{ jobId: string; skillBucketId: string; }' but required in type 'JobRequiredSkillBucketUncheckedCreateInput'.
src/modules/admin/admin.service.ts(1334,9): error TS2561: Object literal may only specify known properties, but 'requiredSkillBucket' does not exist in type 'JobInclude<DefaultArgs>'. Did you mean to write 'JobRequiredSkillBucket'?
src/modules/admin/admin.service.ts(1348,30): error TS2551: Property 'SkillBucket' does not exist on type '{ id: string; status: JobStatus; createdAt: Date; updatedAt: Date; companyName: string; description: string; experienceMin: number | null; experienceMax: number | null; ... 18 more ...; expiresAt: Date | null; }'. Did you mean 'skillBucketId'?
src/modules/admin/admin.service.ts(1349,34): error TS2339: Property 'requiredSkillBuckets' does not exist on type '{ id: string; status: JobStatus; createdAt: Date; updatedAt: Date; companyName: string; description: string; experienceMin: number | null; experienceMax: number | null; ... 18 more ...; expiresAt: Date | null; }'.
src/modules/admin/admin.service.ts(1414,9): error TS2322: Type '{ paymentId: string; amount: number; reason: string; status: RefundStatus.APPROVED; processedBy: string; processedAt: Date; adminNotes: string; }' is not assignable to type '(Without<RefundCreateInput, RefundUncheckedCreateInput> & RefundUncheckedCreateInput) | (Without<...> & RefundCreateInput)'.
  Type '{ paymentId: string; amount: number; reason: string; status: RefundStatus.APPROVED; processedBy: string; processedAt: Date; adminNotes: string; }' is not assignable to type 'Without<RefundCreateInput, RefundUncheckedCreateInput> & RefundUncheckedCreateInput'.
    Type '{ paymentId: string; amount: number; reason: string; status: RefundStatus.APPROVED; processedBy: string; processedAt: Date; adminNotes: string; }' is missing the following properties from type 'RefundUncheckedCreateInput': id, updatedAt
src/modules/admin/admin.service.ts(1619,7): error TS2322: Type '{ candidateId: string; skillBucketId: string; isPassed: true; score: number; validTill: Date; retestAllowedAt: null; }' is not assignable to type '(Without<SkillTestAttemptCreateInput, SkillTestAttemptUncheckedCreateInput> & SkillTestAttemptUncheckedCreateInput) | (Without<...> & SkillTestAttemptCreateInput)'.
  Type '{ candidateId: string; skillBucketId: string; isPassed: true; score: number; validTill: Date; retestAllowedAt: null; }' is not assignable to type 'Without<SkillTestAttemptCreateInput, SkillTestAttemptUncheckedCreateInput> & SkillTestAttemptUncheckedCreateInput'.
    Property 'id' is missing in type '{ candidateId: string; skillBucketId: string; isPassed: true; score: number; validTill: Date; retestAllowedAt: null; }' but required in type 'SkillTestAttemptUncheckedCreateInput'.
src/modules/admin/admin.service.ts(1672,7): error TS2322: Type '{ candidateId: string; skillBucketId: string; isPassed: false; score: number; validTill: null; retestAllowedAt: Date; }' is not assignable to type '(Without<SkillTestAttemptCreateInput, SkillTestAttemptUncheckedCreateInput> & SkillTestAttemptUncheckedCreateInput) | (Without<...> & SkillTestAttemptCreateInput)'.
  Type '{ candidateId: string; skillBucketId: string; isPassed: false; score: number; validTill: null; retestAllowedAt: Date; }' is not assignable to type 'Without<SkillTestAttemptCreateInput, SkillTestAttemptUncheckedCreateInput> & SkillTestAttemptUncheckedCreateInput'.
    Property 'id' is missing in type '{ candidateId: string; skillBucketId: string; isPassed: false; score: number; validTill: null; retestAllowedAt: Date; }' but required in type 'SkillTestAttemptUncheckedCreateInput'.
src/modules/candidate/candidate.controller.ts(162,58): error TS2345: Argument of type 'string | undefined' is not assignable to parameter of type 'ApplicationStatus | undefined'.
  Type 'string' is not assignable to type 'ApplicationStatus | undefined'.
src/modules/employee/employee.service.ts(50,9): error TS2322: Type '{ id: string; createdAt: Date; updatedAt: Date; userId: string; companyName: string; companyEmail: string; designation: string | null; employeeId: string | null; linkedinUrl: string | null; ... 5 more ...; points: number; }' is not assignable to type '{ User: { email: string; phone: string | null; role: UserRole; emailVerified: boolean; phoneVerified: boolean; lastLoginAt: Date | null; }; } & { id: string; createdAt: Date; ... 12 more ...; points: number; }'.
  Property 'User' is missing in type '{ id: string; createdAt: Date; updatedAt: Date; userId: string; companyName: string; companyEmail: string; designation: string | null; employeeId: string | null; linkedinUrl: string | null; ... 5 more ...; points: number; }' but required in type '{ User: { email: string; phone: string | null; role: UserRole; emailVerified: boolean; phoneVerified: boolean; lastLoginAt: Date | null; }; }'.
src/modules/employee/employee.service.ts(51,11): error TS2322: Type '{ userId: string; companyName: string; companyEmail: string; isVerified: false; }' is not assignable to type '(Without<EmployeeCreateInput, EmployeeUncheckedCreateInput> & EmployeeUncheckedCreateInput) | (Without<...> & EmployeeCreateInput)'.
  Type '{ userId: string; companyName: string; companyEmail: string; isVerified: false; }' is not assignable to type 'Without<EmployeeCreateInput, EmployeeUncheckedCreateInput> & EmployeeUncheckedCreateInput'.
    Type '{ userId: string; companyName: string; companyEmail: string; isVerified: false; }' is missing the following properties from type 'EmployeeUncheckedCreateInput': id, updatedAt
src/modules/employee/employee.service.ts(91,10): error TS2552: Cannot find name 'Employee'. Did you mean 'employee'?
src/modules/employee/employee.service.ts(148,28): error TS2551: Property 'Employee' does not exist on type 'typeof ReferralType'. Did you mean 'EMPLOYEE'?
src/modules/employee/employee.service.ts(219,28): error TS2551: Property 'Employee' does not exist on type 'typeof ReferralType'. Did you mean 'EMPLOYEE'?
src/modules/employee/employee.service.ts(262,17): error TS2353: Object literal may only specify known properties, and 'JobSkill' does not exist in type 'CandidateSelect<DefaultArgs>'.
src/modules/employee/employee.service.ts(295,14): error TS2551: Property 'application' does not exist on type '{ id: string; status: ReferralStatus; createdAt: Date; updatedAt: Date; employeeId: string | null; applicationId: string; hrId: string | null; expiresAt: Date | null; ... 5 more ...; candidateFeedback: string | null; }'. Did you mean 'applicationId'?
src/modules/employee/employee.service.ts(297,31): error TS2551: Property 'application' does not exist on type '{ id: string; status: ReferralStatus; createdAt: Date; updatedAt: Date; employeeId: string | null; applicationId: string; hrId: string | null; expiresAt: Date | null; ... 5 more ...; candidateFeedback: string | null; }'. Did you mean 'applicationId'?
src/modules/employee/employee.service.ts(351,11): error TS2353: Object literal may only specify known properties, and 'earning' does not exist in type 'ReferralInclude<DefaultArgs>'.
src/modules/employee/employee.service.ts(420,16): error TS2551: Property 'application' does not exist on type '{ JobApplication: { Job: { id: string; status: JobStatus; createdAt: Date; updatedAt: Date; companyName: string; description: string; experienceMin: number | null; ... 19 more ...; expiresAt: Date | null; }; } & { ...; }; } & { ...; }'. Did you mean 'applicationId'?
src/modules/employee/employee.service.ts(430,17): error TS2551: Property 'application' does not exist on type '{ JobApplication: { Job: { id: string; status: JobStatus; createdAt: Date; updatedAt: Date; companyName: string; description: string; experienceMin: number | null; ... 19 more ...; expiresAt: Date | null; }; } & { ...; }; } & { ...; }'. Did you mean 'applicationId'?
src/modules/employee/employee.service.ts(453,9): error TS2322: Type '{ employeeId: string; referralId: string; amount: number; bonusAmount: number; status: EarningStatus.PENDING; tierName: string; commissionRate: number; }' is not assignable to type '(Without<EmployeeEarningCreateInput, EmployeeEarningUncheckedCreateInput> & EmployeeEarningUncheckedCreateInput) | (Without<...> & EmployeeEarningCreateInput)'.
  Type '{ employeeId: string; referralId: string; amount: number; bonusAmount: number; status: EarningStatus.PENDING; tierName: string; commissionRate: number; }' is not assignable to type 'Without<EmployeeEarningCreateInput, EmployeeEarningUncheckedCreateInput> & EmployeeEarningUncheckedCreateInput'.
    Type '{ employeeId: string; referralId: string; amount: number; bonusAmount: number; status: EarningStatus.PENDING; tierName: string; commissionRate: number; }' is missing the following properties from type 'EmployeeEarningUncheckedCreateInput': id, updatedAt
src/modules/employee/employee.service.ts(602,9): error TS2561: Object literal may only specify known properties, but 'successfulReferral' does not exist in type 'EmployeeSelect<DefaultArgs>'. Did you mean to write 'successfulReferrals'?
src/modules/employee/employee.service.ts(618,51): error TS2322: Type '{ successfulReferral: string; } | undefined' is not assignable to type 'EmployeeOrderByWithRelationInput | EmployeeOrderByWithRelationInput[] | undefined'.
  Object literal may only specify known properties, and 'successfulReferral' does not exist in type 'EmployeeOrderByWithRelationInput | EmployeeOrderByWithRelationInput[]'.
src/modules/employee/employee.service.ts(626,18): error TS2339: Property 'user' does not exist on type '{ id: string; createdAt: Date; updatedAt: Date; userId: string; companyName: string; companyEmail: string; designation: string | null; employeeId: string | null; linkedinUrl: string | null; ... 5 more ...; points: number; }'.
src/modules/employee/employee.service.ts(629,34): error TS2339: Property 'referrals' does not exist on type '{ id: string; createdAt: Date; updatedAt: Date; userId: string; companyName: string; companyEmail: string; designation: string | null; employeeId: string | null; linkedinUrl: string | null; ... 5 more ...; points: number; }'.
src/modules/employee/employee.service.ts(651,11): error TS2561: Object literal may only specify known properties, but 'successfulReferral' does not exist in type 'EmployeeWhereInput'. Did you mean to write 'successfulReferrals'?
src/modules/employee/employee.service.ts(692,9): error TS2561: Object literal may only specify known properties, but 'minReferral' does not exist in type 'CommissionTierWhereInput'. Did you mean to write 'minReferrals'?
src/modules/employee/employee.service.ts(695,18): error TS2353: Object literal may only specify known properties, and 'minReferral' does not exist in type 'CommissionTierOrderByWithRelationInput | CommissionTierOrderByWithRelationInput[]'.
src/modules/employee/employee.service.ts(701,9): error TS2561: Object literal may only specify known properties, but 'minReferral' does not exist in type 'CommissionTierWhereInput'. Did you mean to write 'minReferrals'?
src/modules/employee/employee.service.ts(704,18): error TS2353: Object literal may only specify known properties, and 'minReferral' does not exist in type 'CommissionTierOrderByWithRelationInput | CommissionTierOrderByWithRelationInput[]'.
src/modules/employee/employee.service.ts(789,9): error TS2353: Object literal may only specify known properties, and 'earning' does not exist in type 'ReferralInclude<DefaultArgs>'.
src/modules/employee/employee.service.ts(813,20): error TS2339: Property 'EmployeeEarning' does not exist on type '{ id: string; status: ReferralStatus; createdAt: Date; updatedAt: Date; employeeId: string | null; applicationId: string; hrId: string | null; expiresAt: Date | null; ... 5 more ...; candidateFeedback: string | null; }'.
src/modules/employee/employee.service.ts(815,33): error TS2339: Property 'employeeEarning' does not exist on type '{ id: string; status: ReferralStatus; createdAt: Date; updatedAt: Date; employeeId: string | null; applicationId: string; hrId: string | null; expiresAt: Date | null; ... 5 more ...; candidateFeedback: string | null; }'.
src/modules/employee/employee.service.ts(825,13): error TS2561: Object literal may only specify known properties, but 'successfulReferral' does not exist in type '(Without<EmployeeUpdateInput, EmployeeUncheckedUpdateInput> & EmployeeUncheckedUpdateInput) | (Without<...> & EmployeeUpdateInput)'. Did you mean to write 'successfulReferrals'?
src/modules/hr/services/hr.service.ts(546,15): error TS2339: Property 'jobSkill' does not exist on type 'CreateJobDto'.
src/modules/hr/services/hr.service.ts(546,31): error TS2339: Property 'jobSkill' does not exist on type 'CreateJobDto'.
src/modules/hr/services/hr.service.ts(548,21): error TS2339: Property 'jobSkill' does not exist on type 'CreateJobDto'.
src/modules/hr/services/hr.service.ts(726,15): error TS2339: Property 'jobSkill' does not exist on type 'UpdateJobDto'.
src/modules/hr/services/hr.service.ts(726,31): error TS2339: Property 'jobSkill' does not exist on type 'UpdateJobDto'.
src/modules/hr/services/hr.service.ts(733,21): error TS2339: Property 'jobSkill' does not exist on type 'UpdateJobDto'.
src/modules/hr/services/hr.service.ts(1088,11): error TS2353: Object literal may only specify known properties, and 'hrId' does not exist in type 'Without<InterviewCreateInput, InterviewUncheckedCreateInput> & InterviewUncheckedCreateInput'.
src/modules/interview/interview.service.ts(212,9): error TS2322: Type 'string' is not assignable to type 'InterviewMode | EnumInterviewModeFieldUpdateOperationsInput | undefined'.
src/modules/job/job.controller.ts(76,46): error TS2345: Argument of type 'string | undefined' is not assignable to parameter of type 'JobStatus | undefined'.
  Type 'string' is not assignable to type 'JobStatus | undefined'.
src/modules/job/job.service.ts(41,9): error TS2322: Type '{ slug: string; title: string; description: string; requirements: string | undefined; responsibilities: string | undefined; companyName: string; companyLogo: string | undefined; location: string; ... 11 more ...; status: JobStatus.PENDING_APPROVAL; }' is not assignable to type '(Without<JobCreateInput, JobUncheckedCreateInput> & JobUncheckedCreateInput) | (Without<JobUncheckedCreateInput, JobCreateInput> & JobCreateInput)'.
  Type '{ slug: string; title: string; description: string; requirements: string | undefined; responsibilities: string | undefined; companyName: string; companyLogo: string | undefined; location: string; ... 11 more ...; status: JobStatus.PENDING_APPROVAL; }' is not assignable to type 'Without<JobCreateInput, JobUncheckedCreateInput> & JobUncheckedCreateInput'.
    Type '{ slug: string; title: string; description: string; requirements: string | undefined; responsibilities: string | undefined; companyName: string; companyLogo: string | undefined; location: string; ... 11 more ...; status: JobStatus.PENDING_APPROVAL; }' is missing the following properties from type 'JobUncheckedCreateInput': id, updatedAt
src/modules/job/job.service.ts(66,15): error TS2339: Property 'JobSkill' does not exist on type 'CreateJobDto'.
src/modules/job/job.service.ts(66,31): error TS2339: Property 'jobSkill' does not exist on type 'CreateJobDto'.
src/modules/job/job.service.ts(68,21): error TS2339: Property 'jobSkill' does not exist on type 'CreateJobDto'.
src/modules/job/job.service.ts(178,13): error TS2561: Object literal may only specify known properties, but 'totalQuestionBank' does not exist in type 'TestSelect<DefaultArgs>'. Did you mean to write 'totalQuestions'?
src/modules/job/job.service.ts(209,23): error TS2551: Property 'hr' does not exist on type '{ HR: { id: string; createdAt: Date; updatedAt: Date; userId: string; companyName: string; companyEmail: string; designation: string | null; linkedinUrl: string | null; companyWebsite: string | null; ... 5 more ...; activeJobs: number; } | null; } & { ...; }'. Did you mean 'HR'?
src/modules/payment/payment.service.ts(122,32): error TS2551: Property 'job' does not exist on type '{ Candidate: { id: string; createdAt: Date; updatedAt: Date; userId: string; firstName: string; lastName: string; headline: string | null; bio: string | null; linkedIn: string | null; ... 10 more ...; willingToRelocate: boolean; }; Referral: { ...; } | null; Job: { ...; }; Payment: { ...; }[]; } & { ...; }'. Did you mean 'Job'?
src/modules/payment/payment.service.ts(143,29): error TS2551: Property 'job' does not exist on type '{ Candidate: { id: string; createdAt: Date; updatedAt: Date; userId: string; firstName: string; lastName: string; headline: string | null; bio: string | null; linkedIn: string | null; ... 10 more ...; willingToRelocate: boolean; }; Referral: { ...; } | null; Job: { ...; }; Payment: { ...; }[]; } & { ...; }'. Did you mean 'Job'?
src/modules/payment/payment.service.ts(171,60): error TS2551: Property 'job' does not exist on type '{ Candidate: { id: string; createdAt: Date; updatedAt: Date; userId: string; firstName: string; lastName: string; headline: string | null; bio: string | null; linkedIn: string | null; ... 10 more ...; willingToRelocate: boolean; }; Referral: { ...; } | null; Job: { ...; }; Payment: { ...; }[]; } & { ...; }'. Did you mean 'Job'?
src/modules/payment/payment.service.ts(177,27): error TS2551: Property 'job' does not exist on type '{ Candidate: { id: string; createdAt: Date; updatedAt: Date; userId: string; firstName: string; lastName: string; headline: string | null; bio: string | null; linkedIn: string | null; ... 10 more ...; willingToRelocate: boolean; }; Referral: { ...; } | null; Job: { ...; }; Payment: { ...; }[]; } & { ...; }'. Did you mean 'Job'?
src/modules/payment/payment.service.ts(461,7): error TS2322: Type '{ paymentId: string; amount: number; reason: string; status: RefundStatus.REQUESTED; }' is not assignable to type '(Without<RefundCreateInput, RefundUncheckedCreateInput> & RefundUncheckedCreateInput) | (Without<...> & RefundCreateInput)'.
  Type '{ paymentId: string; amount: number; reason: string; status: RefundStatus.REQUESTED; }' is not assignable to type 'Without<RefundCreateInput, RefundUncheckedCreateInput> & RefundUncheckedCreateInput'.
    Type '{ paymentId: string; amount: number; reason: string; status: RefundStatus.REQUESTED; }' is missing the following properties from type 'RefundUncheckedCreateInput': id, updatedAt
src/modules/payment/payment.service.ts(587,24): error TS18047: 'application.Interview' is possibly 'null'.
src/modules/rapid-fire/rapid-fire.service.ts(317,7): error TS2322: Type 'SessionData | null' is not assignable to type 'SessionData | undefined'.
  Type 'null' is not assignable to type 'SessionData | undefined'.
src/modules/rapid-fire/rapid-fire.service.ts(473,7): error TS2322: Type 'SessionData | null' is not assignable to type 'SessionData | undefined'.
  Type 'null' is not assignable to type 'SessionData | undefined'.
src/modules/rapid-fire/rapid-fire.service.ts(539,7): error TS2322: Type 'SessionData | null' is not assignable to type 'SessionData | undefined'.
  Type 'null' is not assignable to type 'SessionData | undefined'.
src/modules/referral/referral.service.ts(48,17): error TS2353: Object literal may only specify known properties, and 'JobSkill' does not exist in type 'CandidateSelect<DefaultArgs>'.
src/modules/referral/referral.service.ts(79,28): error TS2551: Property 'Employee' does not exist on type 'typeof ReferralType'. Did you mean 'EMPLOYEE'?
src/modules/referral/referral.service.ts(103,17): error TS2353: Object literal may only specify known properties, and 'JobSkill' does not exist in type 'CandidateSelect<DefaultArgs>'.
src/modules/referral/referral.service.ts(149,19): error TS2551: Property 'application' does not exist on type '{ JobApplication: { Job: { HR: { id: string; createdAt: Date; updatedAt: Date; userId: string; companyName: string; companyEmail: string; designation: string | null; linkedinUrl: string | null; ... 6 more ...; activeJobs: number; } | null; } & { ...; }; } & { ...; }; } & { ...; }'. Did you mean 'applicationId'?
src/modules/referral/referral.service.ts(150,18): error TS2551: Property 'application' does not exist on type '{ JobApplication: { Job: { HR: { id: string; createdAt: Date; updatedAt: Date; userId: string; companyName: string; companyEmail: string; designation: string | null; linkedinUrl: string | null; ... 6 more ...; activeJobs: number; } | null; } & { ...; }; } & { ...; }; } & { ...; }'. Did you mean 'applicationId'?
src/modules/referral/referral.service.ts(164,18): error TS2551: Property 'application' does not exist on type '{ JobApplication: { Job: { HR: { id: string; createdAt: Date; updatedAt: Date; userId: string; companyName: string; companyEmail: string; designation: string | null; linkedinUrl: string | null; ... 6 more ...; activeJobs: number; } | null; } & { ...; }; } & { ...; }; } & { ...; }'. Did you mean 'applicationId'?
src/modules/referral/referral.service.ts(221,17): error TS2551: Property 'application' does not exist on type '{ JobApplication: { Job: { HR: { id: string; createdAt: Date; updatedAt: Date; userId: string; companyName: string; companyEmail: string; designation: string | null; linkedinUrl: string | null; ... 6 more ...; activeJobs: number; } | null; } & { ...; }; } & { ...; }; } & { ...; }'. Did you mean 'applicationId'?
src/modules/referral/referral.service.ts(222,16): error TS2551: Property 'application' does not exist on type '{ JobApplication: { Job: { HR: { id: string; createdAt: Date; updatedAt: Date; userId: string; companyName: string; companyEmail: string; designation: string | null; linkedinUrl: string | null; ... 6 more ...; activeJobs: number; } | null; } & { ...; }; } & { ...; }; } & { ...; }'. Did you mean 'applicationId'?
src/modules/referral/referral.service.ts(255,17): error TS2551: Property 'application' does not exist on type '{ JobApplication: { Job: { HR: { id: string; createdAt: Date; updatedAt: Date; userId: string; companyName: string; companyEmail: string; designation: string | null; linkedinUrl: string | null; ... 6 more ...; activeJobs: number; } | null; } & { ...; }; } & { ...; }; } & { ...; }'. Did you mean 'applicationId'?
src/modules/referral/referral.service.ts(256,16): error TS2551: Property 'application' does not exist on type '{ JobApplication: { Job: { HR: { id: string; createdAt: Date; updatedAt: Date; userId: string; companyName: string; companyEmail: string; designation: string | null; linkedinUrl: string | null; ... 6 more ...; activeJobs: number; } | null; } & { ...; }; } & { ...; }; } & { ...; }'. Did you mean 'applicationId'?
src/modules/resume-parser/resume-parser.service.ts(92,22): error TS2353: Object literal may only specify known properties, and 'skills' does not exist in type 'ParsedResumeData'.
src/modules/skill-bucket/skill-bucket.service.ts(184,9): error TS2561: Object literal may only specify known properties, but 'canReTest' does not exist in type 'SkillTestStatusDto'. Did you mean to write 'canRetest'?
src/modules/skill-bucket/skill-bucket.service.ts(209,9): error TS2561: Object literal may only specify known properties, but 'canReTest' does not exist in type 'SkillTestStatusDto'. Did you mean to write 'canRetest'?
src/modules/test/test.service.ts(156,9): error TS2561: Object literal may only specify known properties, but 'totalTestQuestion' does not exist in type '(Without<TestCreateInput, TestUncheckedCreateInput> & TestUncheckedCreateInput) | (Without<...> & TestCreateInput)'. Did you mean to write 'totalQuestions'?
src/modules/test/test.service.ts(668,9): error TS2561: Object literal may only specify known properties, but 'totalTestQuestion' does not exist in type 'Without<TestSessionCreateInput, TestSessionUncheckedCreateInput> & TestSessionUncheckedCreateInput'. Did you mean to write 'totalQuestions'?
src/modules/test/test.service.ts(834,7): error TS2322: Type '{ sessionId: string; questionId: string; selectedAnswer: number; isCorrect: boolean; }' is not assignable to type '(Without<TestAnswerCreateInput, TestAnswerUncheckedCreateInput> & TestAnswerUncheckedCreateInput) | (Without<...> & TestAnswerCreateInput)'.
  Type '{ sessionId: string; questionId: string; selectedAnswer: number; isCorrect: boolean; }' is not assignable to type 'Without<TestAnswerCreateInput, TestAnswerUncheckedCreateInput> & TestAnswerUncheckedCreateInput'.
    Property 'id' is missing in type '{ sessionId: string; questionId: string; selectedAnswer: number; isCorrect: boolean; }' but required in type 'TestAnswerUncheckedCreateInput'.
src/modules/test/test.service.ts(857,9): error TS2353: Object literal may only specify known properties, and 'answers' does not exist in type 'TestSessionInclude<DefaultArgs>'.
src/modules/test/test.service.ts(867,15): error TS2551: Property 'application' does not exist on type '{ id: string; status: TestSessionStatus; createdAt: Date; testId: string | null; testTemplateId: string | null; totalQuestions: number; applicationId: string | null; ... 10 more ...; selectedQuestionIds: string[]; }'. Did you mean 'applicationId'?
src/modules/test/test.service.ts(868,15): error TS2551: Property 'application' does not exist on type '{ id: string; status: TestSessionStatus; createdAt: Date; testId: string | null; testTemplateId: string | null; totalQuestions: number; applicationId: string | null; ... 10 more ...; selectedQuestionIds: string[]; }'. Did you mean 'applicationId'?
src/modules/test/test.service.ts(958,9): error TS2353: Object literal may only specify known properties, and 'answers' does not exist in type 'TestSessionInclude<DefaultArgs>'.
