scripts/create-admin-user.ts(2,25): error TS2307: Cannot find module 'bcryptjs' or its corresponding type declarations.
scripts/create-admin-user.ts(45,17): error TS2353: Object literal may only specify known properties, and 'password' does not exist in type '(Without<UserCreateInput, UserUncheckedCreateInput> & UserUncheckedCreateInput) | (Without<...> & UserCreateInput)'.
src/modules/admin/admin.service.ts(414,37): error TS2353: Object literal may only specify known properties, and 'test' does not exist in type 'JobApplicationInclude<DefaultArgs>'.
src/modules/admin/admin.service.ts(458,22): error TS2339: Property 'hr' does not exist on type '{ candidate: ({ _count: { applications: number; }; } & { id: string; createdAt: Date; updatedAt: Date; userId: string; firstName: string; lastName: string; headline: string | null; ... 11 more ...; willingToRelocate: boolean; }) | null; } & { ...; }'.
src/modules/admin/admin.service.ts(461,22): error TS2339: Property 'employee' does not exist on type '{ candidate: ({ _count: { applications: number; }; } & { id: string; createdAt: Date; updatedAt: Date; userId: string; firstName: string; lastName: string; headline: string | null; ... 11 more ...; willingToRelocate: boolean; }) | null; } & { ...; }'.
src/modules/hr/services/hr.service.ts(577,65): error TS2367: This comparison appears to be unintentional because the types '"DRAFT" | "PENDING_APPROVAL" | "EXPIRED" | "CLOSED"' and '"ACTIVE"' have no overlap.
