src/modules/admin/admin.controller.ts(40,59): error TS2345: Argument of type 'string | undefined' is not assignable to parameter of type 'UserRole | undefined'.
  Type 'string' is not assignable to type 'UserRole | undefined'.
src/modules/admin/admin.controller.ts(89,58): error TS2345: Argument of type 'string | undefined' is not assignable to parameter of type 'JobStatus | undefined'.
  Type 'string' is not assignable to type 'JobStatus | undefined'.
src/modules/admin/admin.controller.ts(158,62): error TS2345: Argument of type 'string | undefined' is not assignable to parameter of type 'PaymentStatus | undefined'.
  Type 'string' is not assignable to type 'PaymentStatus | undefined'.
src/modules/admin/admin.controller.ts(192,60): error TS2345: Argument of type 'string | undefined' is not assignable to parameter of type 'AuditAction | undefined'.
  Type 'string' is not assignable to type 'AuditAction | undefined'.
src/modules/admin/admin.controller.ts(323,65): error TS2345: Argument of type 'string' is not assignable to parameter of type 'PaymentStatus'.
src/modules/admin/admin.service.ts(250,41): error TS2561: Object literal may only specify known properties, but 'application' does not exist in type 'JobCountOutputTypeSelect<DefaultArgs>'. Did you mean to write 'applications'?
src/modules/admin/admin.service.ts(375,44): error TS2561: Object literal may only specify known properties, but 'application' does not exist in type 'JobCountOutputTypeSelect<DefaultArgs>'. Did you mean to write 'applications'?
src/modules/admin/admin.service.ts(381,17): error TS2339: Property '_count' does not exist on type '{ id: string; status: JobStatus; createdAt: Date; updatedAt: Date; companyName: string; title: string; description: string; testId: string | null; slug: string; requirements: string | null; ... 16 more ...; skillBucketId: string | null; }'.
src/modules/admin/admin.service.ts(383,47): error TS2339: Property '_count' does not exist on type '{ id: string; status: JobStatus; createdAt: Date; updatedAt: Date; companyName: string; title: string; description: string; testId: string | null; slug: string; requirements: string | null; ... 16 more ...; skillBucketId: string | null; }'.
src/modules/admin/admin.service.ts(429,29): error TS2561: Object literal may only specify known properties, but 'application' does not exist in type 'CandidateInclude<DefaultArgs>'. Did you mean to write 'JobApplication'?
src/modules/admin/admin.service.ts(454,61): error TS2561: Object literal may only specify known properties, but 'application' does not exist in type 'CandidateCountOutputTypeSelect<DefaultArgs>'. Did you mean to write 'JobApplication'?
src/modules/admin/admin.service.ts(466,18): error TS2339: Property 'Candidate' does not exist on type '{ id: string; email: string; phone: string | null; googleId: string | null; passwordHash: string | null; role: UserRole; status: UserStatus; emailVerified: boolean; ... 4 more ...; lastLoginAt: Date | null; }'.
src/modules/admin/admin.service.ts(466,36): error TS2339: Property 'Candidate' does not exist on type '{ id: string; email: string; phone: string | null; googleId: string | null; passwordHash: string | null; role: UserRole; status: UserStatus; emailVerified: boolean; ... 4 more ...; lastLoginAt: Date | null; }'.
src/modules/admin/admin.service.ts(474,22): error TS2339: Property 'Candidate' does not exist on type '{ id: string; email: string; phone: string | null; googleId: string | null; passwordHash: string | null; role: UserRole; status: UserStatus; emailVerified: boolean; ... 4 more ...; lastLoginAt: Date | null; }'.
src/modules/admin/admin.service.ts(477,22): error TS2339: Property 'HR' does not exist on type '{ id: string; email: string; phone: string | null; googleId: string | null; passwordHash: string | null; role: UserRole; status: UserStatus; emailVerified: boolean; ... 4 more ...; lastLoginAt: Date | null; }'.
src/modules/admin/admin.service.ts(480,22): error TS2339: Property 'Employee' does not exist on type '{ id: string; email: string; phone: string | null; googleId: string | null; passwordHash: string | null; role: UserRole; status: UserStatus; emailVerified: boolean; ... 4 more ...; lastLoginAt: Date | null; }'.
src/modules/admin/admin.service.ts(518,29): error TS2561: Object literal may only specify known properties, but 'Candidate' does not exist in type 'JobApplicationInclude<DefaultArgs>'. Did you mean to write 'candidate'?
src/modules/admin/admin.service.ts(543,33): error TS2561: Object literal may only specify known properties, but 'Candidate' does not exist in type 'JobApplicationInclude<DefaultArgs>'. Did you mean to write 'candidate'?
src/modules/admin/admin.service.ts(679,29): error TS2561: Object literal may only specify known properties, but 'Candidate' does not exist in type 'JobApplicationInclude<DefaultArgs>'. Did you mean to write 'candidate'?
src/modules/admin/admin.service.ts(706,52): error TS2322: Type '"INTERVIEW_CONFIRMED"' is not assignable to type 'InterviewStatus | EnumInterviewStatusFilter<"Interview"> | undefined'.
src/modules/admin/admin.service.ts(707,52): error TS2322: Type '"PAYMENT_SUCCESS"' is not assignable to type 'InterviewStatus | EnumInterviewStatusFilter<"Interview"> | undefined'.
src/modules/admin/admin.service.ts(708,52): error TS2322: Type '"INTERVIEW_COMPLETED"' is not assignable to type 'InterviewStatus | EnumInterviewStatusFilter<"Interview"> | undefined'.
src/modules/admin/admin.service.ts(709,52): error TS2322: Type '"CANDIDATE_NO_SHOW"' is not assignable to type 'InterviewStatus | EnumInterviewStatusFilter<"Interview"> | undefined'.
src/modules/admin/admin.service.ts(710,52): error TS2322: Type '"HR_NO_SHOW"' is not assignable to type 'InterviewStatus | EnumInterviewStatusFilter<"Interview"> | undefined'.
src/modules/admin/admin.service.ts(795,25): error TS2561: Object literal may only specify known properties, but 'Candidate' does not exist in type 'JobApplicationInclude<DefaultArgs>'. Did you mean to write 'candidate'?
src/modules/admin/admin.service.ts(809,25): error TS2322: Type '"CANDIDATE_NO_SHOW" | "HR_NO_SHOW"' is not assignable to type 'InterviewStatus | EnumInterviewStatusFieldUpdateOperationsInput | undefined'.
  Type '"CANDIDATE_NO_SHOW"' is not assignable to type 'InterviewStatus | EnumInterviewStatusFieldUpdateOperationsInput | undefined'.
src/modules/admin/admin.service.ts(823,48): error TS2551: Property 'application' does not exist on type '{ id: string; status: InterviewStatus; createdAt: Date; updatedAt: Date; mode: InterviewMode; applicationId: string; paidAt: Date | null; ... 9 more ...; completedAt: Date | null; }'. Did you mean 'applicationId'?
src/modules/admin/admin.service.ts(824,42): error TS2551: Property 'application' does not exist on type '{ id: string; status: InterviewStatus; createdAt: Date; updatedAt: Date; mode: InterviewMode; applicationId: string; paidAt: Date | null; ... 9 more ...; completedAt: Date | null; }'. Did you mean 'applicationId'?
src/modules/admin/admin.service.ts(862,25): error TS2561: Object literal may only specify known properties, but 'jobs' does not exist in type 'SkillBucketCountOutputTypeSelect<DefaultArgs>'. Did you mean to write 'Job'?
src/modules/admin/admin.service.ts(946,25): error TS2561: Object literal may only specify known properties, but 'jobs' does not exist in type 'SkillBucketCountOutputTypeSelect<DefaultArgs>'. Did you mean to write 'Job'?
src/modules/admin/admin.service.ts(957,20): error TS2339: Property '_count' does not exist on type '{ id: string; createdAt: Date; updatedAt: Date; name: string; description: string | null; isActive: boolean; testId: string | null; experienceMin: number; experienceMax: number; testTemplateId: string | null; code: string; displayName: string | null; }'.
src/modules/admin/admin.service.ts(957,46): error TS2339: Property '_count' does not exist on type '{ id: string; createdAt: Date; updatedAt: Date; name: string; description: string | null; isActive: boolean; testId: string | null; experienceMin: number; experienceMax: number; testTemplateId: string | null; code: string; displayName: string | null; }'.
src/modules/admin/admin.service.ts(959,73): error TS2339: Property '_count' does not exist on type '{ id: string; createdAt: Date; updatedAt: Date; name: string; description: string | null; isActive: boolean; testId: string | null; experienceMin: number; experienceMax: number; testTemplateId: string | null; code: string; displayName: string | null; }'.
src/modules/admin/admin.service.ts(959,94): error TS2339: Property '_count' does not exist on type '{ id: string; createdAt: Date; updatedAt: Date; name: string; description: string | null; isActive: boolean; testId: string | null; experienceMin: number; experienceMax: number; testTemplateId: string | null; code: string; displayName: string | null; }'.
src/modules/admin/admin.service.ts(964,20): error TS2339: Property '_count' does not exist on type '{ id: string; createdAt: Date; updatedAt: Date; name: string; description: string | null; isActive: boolean; testId: string | null; experienceMin: number; experienceMax: number; testTemplateId: string | null; code: string; displayName: string | null; }'.
src/modules/admin/admin.service.ts(1069,17): error TS2561: Object literal may only specify known properties, but 'SkillBucket' does not exist in type 'JobInclude<DefaultArgs>'. Did you mean to write 'skillBucket'?
src/modules/admin/admin.service.ts(1084,36): error TS2551: Property 'SkillBucket' does not exist on type '{ id: string; status: JobStatus; createdAt: Date; updatedAt: Date; companyName: string; title: string; description: string; testId: string | null; slug: string; requirements: string | null; ... 16 more ...; skillBucketId: string | null; }'. Did you mean 'skillBucketId'?
src/modules/admin/admin.service.ts(1085,40): error TS2339: Property 'requiredSkillBuckets' does not exist on type '{ id: string; status: JobStatus; createdAt: Date; updatedAt: Date; companyName: string; title: string; description: string; testId: string | null; slug: string; requirements: string | null; ... 16 more ...; skillBucketId: string | null; }'.
src/modules/admin/admin.service.ts(1270,52): error TS2322: Type '"INTERVIEW_COMPLETED"' is not assignable to type 'InterviewStatus | EnumInterviewStatusFilter<"Interview"> | undefined'.
src/modules/admin/admin.service.ts(1271,52): error TS2322: Type '"PAYMENT_SUCCESS"' is not assignable to type 'InterviewStatus | EnumInterviewStatusFilter<"Interview"> | undefined'.
src/modules/auth/services/auth.service.ts(492,31): error TS2551: Property 'candidate' does not exist on type '{ Candidate: { id: string; createdAt: Date; updatedAt: Date; userId: string; firstName: string; lastName: string; headline: string | null; bio: string | null; avatarUrl: string | null; ... 9 more ...; willingToRelocate: boolean; } | null; } & { ...; }'. Did you mean 'Candidate'?
src/modules/candidate/candidate.controller.ts(149,62): error TS2345: Argument of type 'string | undefined' is not assignable to parameter of type 'ApplicationStatus | undefined'.
  Type 'string' is not assignable to type 'ApplicationStatus | undefined'.
src/modules/candidate/candidate.service.ts(20,17): error TS2353: Object literal may only specify known properties, and 'JobSkill' does not exist in type 'CandidateInclude<DefaultArgs>'.
src/modules/candidate/candidate.service.ts(59,17): error TS2353: Object literal may only specify known properties, and 'JobSkill' does not exist in type 'CandidateInclude<DefaultArgs>'.
src/modules/candidate/candidate.service.ts(104,44): error TS2551: Property 'jobSkill' does not exist on type '{ JobSkill: string[]; experience: { years: number; positions: string[]; }; education: string[]; }'. Did you mean 'JobSkill'?
src/modules/candidate/candidate.service.ts(126,17): error TS2353: Object literal may only specify known properties, and 'JobSkill' does not exist in type 'CandidateInclude<DefaultArgs>'.
src/modules/candidate/candidate.service.ts(265,13): error TS2322: Type '{ status?: ApplicationStatus | undefined; candidateId: string; }' is not assignable to type 'JobApplicationWhereInput'.
  Types of property 'status' are incompatible.
    Type 'ApplicationStatus | undefined' is not assignable to type 'ApplicationStatus | EnumApplicationStatusFilter<"JobApplication"> | undefined'.
      Type 'ApplicationStatus.TEST_REQUIRED' is not assignable to type 'ApplicationStatus | EnumApplicationStatusFilter<"JobApplication"> | undefined'.
src/modules/candidate/candidate.service.ts(270,17): error TS2561: Object literal may only specify known properties, but 'Job' does not exist in type 'JobApplicationInclude<DefaultArgs>'. Did you mean to write 'job'?
src/modules/candidate/candidate.service.ts(330,25): error TS2561: Object literal may only specify known properties, but 'Job' does not exist in type 'JobApplicationInclude<DefaultArgs>'. Did you mean to write 'job'?
src/modules/candidate/candidate.service.ts(367,25): error TS2561: Object literal may only specify known properties, but 'Job' does not exist in type 'JobApplicationInclude<DefaultArgs>'. Did you mean to write 'job'?
src/modules/employee/employee.service.ts(88,16): error TS2552: Cannot find name 'Employee'. Did you mean 'employee'?
src/modules/employee/employee.service.ts(143,36): error TS2551: Property 'Employee' does not exist on type 'typeof ReferralType'. Did you mean 'EMPLOYEE'?
src/modules/employee/employee.service.ts(146,21): error TS2561: Object literal may only specify known properties, but 'Job' does not exist in type '(Without<JobApplicationRelationFilter, JobApplicationWhereInput> & JobApplicationWhereInput) | (Without<...> & JobApplicationRelationFilter)'. Did you mean to write 'job'?
src/modules/employee/employee.service.ts(214,36): error TS2551: Property 'Employee' does not exist on type 'typeof ReferralType'. Did you mean 'EMPLOYEE'?
src/modules/employee/employee.service.ts(217,21): error TS2561: Object literal may only specify known properties, but 'Job' does not exist in type '(Without<JobApplicationRelationFilter, JobApplicationWhereInput> & JobApplicationWhereInput) | (Without<...> & JobApplicationRelationFilter)'. Did you mean to write 'job'?
src/modules/employee/employee.service.ts(249,25): error TS2561: Object literal may only specify known properties, but 'Candidate' does not exist in type 'JobApplicationInclude<DefaultArgs>'. Did you mean to write 'candidate'?
src/modules/employee/employee.service.ts(290,22): error TS2551: Property 'application' does not exist on type '{ id: string; status: ReferralStatus; createdAt: Date; updatedAt: Date; hrId: string | null; expiresAt: Date | null; employeeId: string | null; type: ReferralType; ... 5 more ...; candidateFeedback: string | null; }'. Did you mean 'applicationId'?
src/modules/employee/employee.service.ts(292,37): error TS2551: Property 'application' does not exist on type '{ id: string; status: ReferralStatus; createdAt: Date; updatedAt: Date; hrId: string | null; expiresAt: Date | null; employeeId: string | null; type: ReferralType; ... 5 more ...; candidateFeedback: string | null; }'. Did you mean 'applicationId'?
src/modules/employee/employee.service.ts(330,29): error TS2561: Object literal may only specify known properties, but 'Candidate' does not exist in type 'JobApplicationInclude<DefaultArgs>'. Did you mean to write 'candidate'?
src/modules/employee/employee.service.ts(392,25): error TS2561: Object literal may only specify known properties, but 'Job' does not exist in type 'JobApplicationInclude<DefaultArgs>'. Did you mean to write 'job'?
src/modules/employee/employee.service.ts(413,22): error TS2551: Property 'application' does not exist on type '{ id: string; status: ReferralStatus; createdAt: Date; updatedAt: Date; hrId: string | null; expiresAt: Date | null; employeeId: string | null; type: ReferralType; ... 5 more ...; candidateFeedback: string | null; }'. Did you mean 'applicationId'?
src/modules/employee/employee.service.ts(423,23): error TS2551: Property 'application' does not exist on type '{ id: string; status: ReferralStatus; createdAt: Date; updatedAt: Date; hrId: string | null; expiresAt: Date | null; employeeId: string | null; type: ReferralType; ... 5 more ...; candidateFeedback: string | null; }'. Did you mean 'applicationId'?
src/modules/employee/employee.service.ts(511,37): error TS2561: Object literal may only specify known properties, but 'Candidate' does not exist in type 'JobApplicationInclude<DefaultArgs>'. Did you mean to write 'candidate'?
src/modules/employee/employee.service.ts(596,17): error TS2561: Object literal may only specify known properties, but 'successfulReferral' does not exist in type 'EmployeeSelect<DefaultArgs>'. Did you mean to write 'successfulReferrals'?
src/modules/employee/employee.service.ts(614,25): error TS2322: Type '{ successfulReferral: string; } | undefined' is not assignable to type 'EmployeeOrderByWithRelationInput | EmployeeOrderByWithRelationInput[] | undefined'.
  Object literal may only specify known properties, and 'successfulReferral' does not exist in type 'EmployeeOrderByWithRelationInput | EmployeeOrderByWithRelationInput[]'.
src/modules/employee/employee.service.ts(622,24): error TS2339: Property 'user' does not exist on type '{ id: string; createdAt: Date; updatedAt: Date; userId: string; companyName: string; companyEmail: string; designation: string | null; linkedinUrl: string | null; points: number; ... 5 more ...; badges: string[]; }'.
src/modules/employee/employee.service.ts(626,27): error TS2339: Property 'referrals' does not exist on type '{ id: string; createdAt: Date; updatedAt: Date; userId: string; companyName: string; companyEmail: string; designation: string | null; linkedinUrl: string | null; points: number; ... 5 more ...; badges: string[]; }'.
src/modules/employee/employee.service.ts(649,21): error TS2561: Object literal may only specify known properties, but 'successfulReferral' does not exist in type 'EmployeeWhereInput'. Did you mean to write 'successfulReferrals'?
src/modules/employee/employee.service.ts(690,17): error TS2561: Object literal may only specify known properties, but 'minReferral' does not exist in type 'CommissionTierWhereInput'. Did you mean to write 'minReferrals'?
src/modules/employee/employee.service.ts(693,24): error TS2353: Object literal may only specify known properties, and 'minReferral' does not exist in type 'CommissionTierOrderByWithRelationInput | CommissionTierOrderByWithRelationInput[]'.
src/modules/employee/employee.service.ts(699,17): error TS2561: Object literal may only specify known properties, but 'minReferral' does not exist in type 'CommissionTierWhereInput'. Did you mean to write 'minReferrals'?
src/modules/employee/employee.service.ts(702,24): error TS2353: Object literal may only specify known properties, and 'minReferral' does not exist in type 'CommissionTierOrderByWithRelationInput | CommissionTierOrderByWithRelationInput[]'.
src/modules/employee/employee.service.ts(793,17): error TS2353: Object literal may only specify known properties, and 'earning' does not exist in type 'ReferralInclude<DefaultArgs>'.
src/modules/employee/employee.service.ts(817,26): error TS2339: Property 'EmployeeEarning' does not exist on type '{ id: string; status: ReferralStatus; createdAt: Date; updatedAt: Date; hrId: string | null; expiresAt: Date | null; employeeId: string | null; type: ReferralType; ... 5 more ...; candidateFeedback: string | null; }'.
src/modules/employee/employee.service.ts(819,43): error TS2339: Property 'employeeEarning' does not exist on type '{ id: string; status: ReferralStatus; createdAt: Date; updatedAt: Date; hrId: string | null; expiresAt: Date | null; employeeId: string | null; type: ReferralType; ... 5 more ...; candidateFeedback: string | null; }'.
src/modules/employee/employee.service.ts(829,25): error TS2561: Object literal may only specify known properties, but 'successfulReferral' does not exist in type '(Without<EmployeeUpdateInput, EmployeeUncheckedUpdateInput> & EmployeeUncheckedUpdateInput) | (Without<...> & EmployeeUpdateInput)'. Did you mean to write 'successfulReferrals'?
src/modules/hr/services/hr.service.ts(315,17): error TS2561: Object literal may only specify known properties, but 'JobApplication' does not exist in type 'JobInclude<DefaultArgs>'. Did you mean to write 'applications'?
src/modules/hr/services/hr.service.ts(330,67): error TS2339: Property 'JobApplication' does not exist on type '{ id: string; status: JobStatus; createdAt: Date; updatedAt: Date; companyName: string; title: string; description: string; testId: string | null; slug: string; requirements: string | null; ... 16 more ...; skillBucketId: string | null; }'.
src/modules/hr/services/hr.service.ts(332,21): error TS2339: Property 'JobApplication' does not exist on type '{ id: string; status: JobStatus; createdAt: Date; updatedAt: Date; companyName: string; title: string; description: string; testId: string | null; slug: string; requirements: string | null; ... 16 more ...; skillBucketId: string | null; }'.
src/modules/hr/services/hr.service.ts(380,17): error TS2561: Object literal may only specify known properties, but 'Job' does not exist in type 'JobApplicationWhereInput'. Did you mean to write 'job'?
src/modules/hr/services/hr.service.ts(385,17): error TS2561: Object literal may only specify known properties, but 'Candidate' does not exist in type 'JobApplicationInclude<DefaultArgs>'. Did you mean to write 'candidate'?
src/modules/hr/services/hr.service.ts(403,31): error TS2551: Property 'Candidate' does not exist on type '{ id: string; status: ApplicationStatus; createdAt: Date; updatedAt: Date; jobId: string; candidateId: string; coverLetter: string | null; testScore: number | null; testPassedAt: Date | null; contactUnlockedAt: Date | null; }'. Did you mean 'candidateId'?
src/modules/hr/services/hr.service.ts(403,58): error TS2551: Property 'Candidate' does not exist on type '{ id: string; status: ApplicationStatus; createdAt: Date; updatedAt: Date; jobId: string; candidateId: string; coverLetter: string | null; testScore: number | null; testPassedAt: Date | null; contactUnlockedAt: Date | null; }'. Did you mean 'candidateId'?
src/modules/hr/services/hr.service.ts(404,27): error TS2339: Property 'Job' does not exist on type '{ id: string; status: ApplicationStatus; createdAt: Date; updatedAt: Date; jobId: string; candidateId: string; coverLetter: string | null; testScore: number | null; testPassedAt: Date | null; contactUnlockedAt: Date | null; }'.
src/modules/hr/services/hr.service.ts(440,35): error TS2561: Object literal may only specify known properties, but 'jobApplication' does not exist in type 'JobCountOutputTypeSelect<DefaultArgs>'. Did you mean to write 'applications'?
src/modules/hr/services/hr.service.ts(496,21): error TS2561: Object literal may only specify known properties, but 'maxJobApplication' does not exist in type 'Without<JobCreateInput, JobUncheckedCreateInput> & JobUncheckedCreateInput'. Did you mean to write 'maxApplications'?
src/modules/hr/services/hr.service.ts(504,21): error TS2339: Property 'JobSkill' does not exist on type 'CreateJobDto'.
src/modules/hr/services/hr.service.ts(504,37): error TS2339: Property 'jobSkill' does not exist on type 'CreateJobDto'.
src/modules/hr/services/hr.service.ts(506,31): error TS2339: Property 'jobSkill' does not exist on type 'CreateJobDto'.
src/modules/hr/services/hr.service.ts(621,17): error TS2561: Object literal may only specify known properties, but 'JobApplication' does not exist in type 'JobInclude<DefaultArgs>'. Did you mean to write 'applications'?
src/modules/hr/services/hr.service.ts(670,21): error TS2339: Property 'JobSkill' does not exist on type 'UpdateJobDto'.
src/modules/hr/services/hr.service.ts(670,37): error TS2339: Property 'jobSkill' does not exist on type 'UpdateJobDto'.
src/modules/hr/services/hr.service.ts(677,31): error TS2339: Property 'jobSkill' does not exist on type 'UpdateJobDto'.
src/modules/hr/services/hr.service.ts(700,21): error TS2561: Object literal may only specify known properties, but 'maxJobApplication' does not exist in type '(Without<JobUpdateInput, JobUncheckedUpdateInput> & JobUncheckedUpdateInput) | (Without<JobUncheckedUpdateInput, JobUpdateInput> & JobUpdateInput)'. Did you mean to write 'maxApplications'?
src/modules/hr/services/hr.service.ts(818,21): error TS2561: Object literal may only specify known properties, but 'Candidate' does not exist in type 'JobApplicationInclude<DefaultArgs>'. Did you mean to write 'candidate'?
src/modules/interview/interview.service.ts(37,41): error TS2561: Object literal may only specify known properties, but 'user' does not exist in type 'CandidateInclude<DefaultArgs>'. Did you mean to write 'User'?
src/modules/interview/interview.service.ts(57,32): error TS2339: Property 'job' does not exist on type '{ id: string; status: ApplicationStatus; createdAt: Date; updatedAt: Date; jobId: string; candidateId: string; coverLetter: string | null; testScore: number | null; testPassedAt: Date | null; contactUnlockedAt: Date | null; }'.
src/modules/interview/interview.service.ts(138,60): error TS2561: Object literal may only specify known properties, but 'user' does not exist in type 'HRInclude<DefaultArgs>'. Did you mean to write 'User'?
src/modules/interview/interview.service.ts(139,49): error TS2561: Object literal may only specify known properties, but 'user' does not exist in type 'CandidateInclude<DefaultArgs>'. Did you mean to write 'User'?
src/modules/interview/interview.service.ts(149,13): error TS2367: This comparison appears to be unintentional because the types 'InterviewStatus' and 'InterviewStatus.INTERVIEW_CONFIRMED' have no overlap.
src/modules/interview/interview.service.ts(235,18): error TS2678: Type 'InterviewStatus.INTERVIEW_CONFIRMED' is not comparable to type 'InterviewStatus'.
src/modules/interview/interview.service.ts(243,18): error TS2678: Type 'InterviewStatus.PAYMENT_SUCCESS' is not comparable to type 'InterviewStatus'.
src/modules/interview/interview.service.ts(244,18): error TS2678: Type 'InterviewStatus.INTERVIEW_COMPLETED' is not comparable to type 'InterviewStatus'.
src/modules/interview/interview.service.ts(257,18): error TS2678: Type 'InterviewStatus.CANDIDATE_NO_SHOW' is not comparable to type 'InterviewStatus'.
src/modules/interview/interview.service.ts(263,18): error TS2678: Type 'InterviewStatus.HR_NO_SHOW' is not comparable to type 'InterviewStatus'.
src/modules/interview/interview.service.ts(327,17): error TS2367: This comparison appears to be unintentional because the types 'InterviewStatus' and 'InterviewStatus.PAYMENT_SUCCESS' have no overlap.
src/modules/interview/interview.service.ts(328,17): error TS2367: This comparison appears to be unintentional because the types 'InterviewStatus' and 'InterviewStatus.INTERVIEW_COMPLETED' have no overlap.
src/modules/interview/interview.service.ts(339,34): error TS2367: This comparison appears to be unintentional because the types 'InterviewStatus' and 'InterviewStatus.INTERVIEW_CONFIRMED' have no overlap.
src/modules/interview/interview.service.ts(385,33): error TS2561: Object literal may only specify known properties, but 'user' does not exist in type 'CandidateSelect<DefaultArgs>'. Did you mean to write 'User'?
src/modules/interview/interview.service.ts(573,13): error TS2367: This comparison appears to be unintentional because the types 'InterviewStatus' and 'InterviewStatus.PAYMENT_SUCCESS' have no overlap.
src/modules/job/job.controller.ts(67,50): error TS2345: Argument of type 'string | undefined' is not assignable to parameter of type 'JobStatus | undefined'.
  Type 'string' is not assignable to type 'JobStatus | undefined'.
src/modules/job/job.service.ts(61,21): error TS2561: Object literal may only specify known properties, but 'maxJobApplication' does not exist in type 'Without<JobCreateInput, JobUncheckedCreateInput> & JobUncheckedCreateInput'. Did you mean to write 'maxApplications'?
src/modules/job/job.service.ts(70,21): error TS2339: Property 'JobSkill' does not exist on type 'CreateJobDto'.
src/modules/job/job.service.ts(70,37): error TS2339: Property 'jobSkill' does not exist on type 'CreateJobDto'.
src/modules/job/job.service.ts(72,31): error TS2339: Property 'jobSkill' does not exist on type 'CreateJobDto'.
src/modules/job/job.service.ts(139,21): error TS2561: Object literal may only specify known properties, but 'HR' does not exist in type 'JobInclude<DefaultArgs>'. Did you mean to write 'hr'?
src/modules/job/job.service.ts(169,17): error TS2561: Object literal may only specify known properties, but 'Test' does not exist in type 'JobInclude<DefaultArgs>'. Did you mean to write 'test'?
src/modules/job/job.service.ts(197,24): error TS2561: Object literal may only specify known properties, but 'HR' does not exist in type 'JobInclude<DefaultArgs>'. Did you mean to write 'hr'?
src/modules/job/job.service.ts(205,17): error TS2339: Property 'HR' does not exist on type '{ id: string; status: JobStatus; createdAt: Date; updatedAt: Date; companyName: string; title: string; description: string; testId: string | null; slug: string; requirements: string | null; ... 16 more ...; skillBucketId: string | null; }'.
src/modules/job/job.service.ts(205,27): error TS2339: Property 'hr' does not exist on type '{ id: string; status: JobStatus; createdAt: Date; updatedAt: Date; companyName: string; title: string; description: string; testId: string | null; slug: string; requirements: string | null; ... 16 more ...; skillBucketId: string | null; }'.
src/modules/job/job.service.ts(210,18): error TS2339: Property 'HR' does not exist on type '{ id: string; status: JobStatus; createdAt: Date; updatedAt: Date; companyName: string; title: string; description: string; testId: string | null; slug: string; requirements: string | null; ... 16 more ...; skillBucketId: string | null; }'.
src/modules/job/job.service.ts(240,17): error TS2561: Object literal may only specify known properties, but 'SkillBucket' does not exist in type 'JobInclude<DefaultArgs>'. Did you mean to write 'skillBucket'?
src/modules/job/job.service.ts(337,21): error TS2322: Type 'ApplicationStatus.TEST_REQUIRED | ApplicationStatus.APPLIED' is not assignable to type 'ApplicationStatus | undefined'.
  Type 'ApplicationStatus.TEST_REQUIRED' is not assignable to type 'ApplicationStatus | undefined'.
src/modules/job/job.service.ts(390,31): error TS2561: Object literal may only specify known properties, but 'JobApplication' does not exist in type 'JobCountOutputTypeSelect<DefaultArgs>'. Did you mean to write 'applications'?
src/modules/payment/payment.service.ts(59,17): error TS2561: Object literal may only specify known properties, but 'Candidate' does not exist in type 'JobApplicationInclude<DefaultArgs>'. Did you mean to write 'candidate'?
src/modules/payment/payment.service.ts(70,25): error TS2551: Property 'candidate' does not exist on type '{ id: string; status: ApplicationStatus; createdAt: Date; updatedAt: Date; jobId: string; candidateId: string; coverLetter: string | null; testScore: number | null; testPassedAt: Date | null; contactUnlockedAt: Date | null; }'. Did you mean 'candidateId'?
src/modules/payment/payment.service.ts(77,13): error TS2367: This comparison appears to be unintentional because the types '"EXPIRED" | "CLOSED" | "TEST_PENDING" | "TEST_PASSED" | "TEST_FAILED" | "REFERRAL_PENDING" | "REFERRAL_CONFIRMED" | "INTERVIEW_REQUESTED" | "PAYMENT_PENDING" | "CONTACT_UNLOCKED"' and 'ApplicationStatus.INTERVIEW_CONFIRMED' have no overlap.
src/modules/payment/payment.service.ts(83,26): error TS2339: Property 'Referral' does not exist on type '{ id: string; status: ApplicationStatus; createdAt: Date; updatedAt: Date; jobId: string; candidateId: string; coverLetter: string | null; testScore: number | null; testPassedAt: Date | null; contactUnlockedAt: Date | null; }'.
src/modules/payment/payment.service.ts(83,50): error TS2339: Property 'referral' does not exist on type '{ id: string; status: ApplicationStatus; createdAt: Date; updatedAt: Date; jobId: string; candidateId: string; coverLetter: string | null; testScore: number | null; testPassedAt: Date | null; contactUnlockedAt: Date | null; }'.
src/modules/payment/payment.service.ts(88,47): error TS2339: Property 'payments' does not exist on type '{ id: string; status: ApplicationStatus; createdAt: Date; updatedAt: Date; jobId: string; candidateId: string; coverLetter: string | null; testScore: number | null; testPassedAt: Date | null; contactUnlockedAt: Date | null; }'.
src/modules/payment/payment.service.ts(97,44): error TS2339: Property 'payments' does not exist on type '{ id: string; status: ApplicationStatus; createdAt: Date; updatedAt: Date; jobId: string; candidateId: string; coverLetter: string | null; testScore: number | null; testPassedAt: Date | null; contactUnlockedAt: Date | null; }'.
src/modules/payment/payment.service.ts(111,36): error TS2339: Property 'job' does not exist on type '{ id: string; status: ApplicationStatus; createdAt: Date; updatedAt: Date; jobId: string; candidateId: string; coverLetter: string | null; testScore: number | null; testPassedAt: Date | null; contactUnlockedAt: Date | null; }'.
src/modules/payment/payment.service.ts(131,37): error TS2339: Property 'job' does not exist on type '{ id: string; status: ApplicationStatus; createdAt: Date; updatedAt: Date; jobId: string; candidateId: string; coverLetter: string | null; testScore: number | null; testPassedAt: Date | null; contactUnlockedAt: Date | null; }'.
src/modules/payment/payment.service.ts(157,68): error TS2339: Property 'job' does not exist on type '{ id: string; status: ApplicationStatus; createdAt: Date; updatedAt: Date; jobId: string; candidateId: string; coverLetter: string | null; testScore: number | null; testPassedAt: Date | null; contactUnlockedAt: Date | null; }'.
src/modules/payment/payment.service.ts(163,33): error TS2339: Property 'job' does not exist on type '{ id: string; status: ApplicationStatus; createdAt: Date; updatedAt: Date; jobId: string; candidateId: string; coverLetter: string | null; testScore: number | null; testPassedAt: Date | null; contactUnlockedAt: Date | null; }'.
src/modules/payment/payment.service.ts(188,32): error TS2561: Object literal may only specify known properties, but 'Candidate' does not exist in type 'JobApplicationInclude<DefaultArgs>'. Did you mean to write 'candidate'?
src/modules/payment/payment.service.ts(197,21): error TS2551: Property 'application' does not exist on type '{ id: string; status: PaymentStatus; createdAt: Date; updatedAt: Date; applicationId: string; razorpayOrderId: string | null; razorpayPaymentId: string | null; ... 6 more ...; paidAt: Date | null; }'. Did you mean 'applicationId'?
src/modules/payment/payment.service.ts(264,30): error TS2552: Cannot find name 'payment'. Did you mean 'Payment'?
src/modules/payment/payment.service.ts(275,41): error TS2552: Cannot find name 'payment'. Did you mean 'Payment'?
src/modules/payment/payment.service.ts(278,30): error TS2367: This comparison appears to be unintentional because the types 'InterviewStatus' and '"INTERVIEW_CONFIRMED"' have no overlap.
src/modules/payment/payment.service.ts(293,34): error TS2552: Cannot find name 'payment'. Did you mean 'Payment'?
src/modules/payment/payment.service.ts(302,45): error TS2552: Cannot find name 'payment'. Did you mean 'Payment'?
src/modules/payment/payment.service.ts(312,31): error TS2552: Cannot find name 'payment'. Did you mean 'Payment'?
src/modules/payment/payment.service.ts(321,26): error TS2552: Cannot find name 'payment'. Did you mean 'Payment'?
src/modules/payment/payment.service.ts(334,27): error TS2552: Cannot find name 'payment'. Did you mean 'Payment'?
src/modules/payment/payment.service.ts(359,25): error TS2561: Object literal may only specify known properties, but 'Job' does not exist in type 'JobApplicationInclude<DefaultArgs>'. Did you mean to write 'job'?
src/modules/payment/payment.service.ts(380,25): error TS2561: Object literal may only specify known properties, but 'Candidate' does not exist in type 'JobApplicationInclude<DefaultArgs>'. Did you mean to write 'candidate'?
src/modules/payment/payment.service.ts(392,21): error TS2551: Property 'application' does not exist on type '{ id: string; status: PaymentStatus; createdAt: Date; updatedAt: Date; applicationId: string; razorpayOrderId: string | null; razorpayPaymentId: string | null; ... 6 more ...; paidAt: Date | null; }'. Did you mean 'applicationId'?
src/modules/payment/payment.service.ts(406,25): error TS2561: Object literal may only specify known properties, but 'Candidate' does not exist in type 'JobApplicationInclude<DefaultArgs>'. Did you mean to write 'candidate'?
src/modules/payment/payment.service.ts(418,21): error TS2551: Property 'application' does not exist on type '{ id: string; status: PaymentStatus; createdAt: Date; updatedAt: Date; applicationId: string; razorpayOrderId: string | null; razorpayPaymentId: string | null; ... 6 more ...; paidAt: Date | null; }'. Did you mean 'applicationId'?
src/modules/payment/payment.service.ts(426,21): error TS2339: Property 'Refund' does not exist on type '{ id: string; status: PaymentStatus; createdAt: Date; updatedAt: Date; applicationId: string; razorpayOrderId: string | null; razorpayPaymentId: string | null; ... 6 more ...; paidAt: Date | null; }'.
src/modules/payment/payment.service.ts(432,21): error TS2551: Property 'application' does not exist on type '{ id: string; status: PaymentStatus; createdAt: Date; updatedAt: Date; applicationId: string; razorpayOrderId: string | null; razorpayPaymentId: string | null; ... 6 more ...; paidAt: Date | null; }'. Did you mean 'applicationId'?
src/modules/payment/payment.service.ts(433,21): error TS2551: Property 'application' does not exist on type '{ id: string; status: PaymentStatus; createdAt: Date; updatedAt: Date; applicationId: string; razorpayOrderId: string | null; razorpayPaymentId: string | null; ... 6 more ...; paidAt: Date | null; }'. Did you mean 'applicationId'?
src/modules/payment/payment.service.ts(476,17): error TS2561: Object literal may only specify known properties, but 'Candidate' does not exist in type 'JobApplicationInclude<DefaultArgs>'. Did you mean to write 'candidate'?
src/modules/payment/payment.service.ts(486,25): error TS2551: Property 'candidate' does not exist on type '{ id: string; status: ApplicationStatus; createdAt: Date; updatedAt: Date; jobId: string; candidateId: string; coverLetter: string | null; testScore: number | null; testPassedAt: Date | null; contactUnlockedAt: Date | null; }'. Did you mean 'candidateId'?
src/modules/payment/payment.service.ts(491,26): error TS2339: Property 'Interview' does not exist on type '{ id: string; status: ApplicationStatus; createdAt: Date; updatedAt: Date; jobId: string; candidateId: string; coverLetter: string | null; testScore: number | null; testPassedAt: Date | null; contactUnlockedAt: Date | null; }'.
src/modules/payment/payment.service.ts(495,25): error TS2339: Property 'interview' does not exist on type '{ id: string; status: ApplicationStatus; createdAt: Date; updatedAt: Date; jobId: string; candidateId: string; coverLetter: string | null; testScore: number | null; testPassedAt: Date | null; contactUnlockedAt: Date | null; }'.
src/modules/payment/payment.service.ts(497,48): error TS2339: Property 'interview' does not exist on type '{ id: string; status: ApplicationStatus; createdAt: Date; updatedAt: Date; jobId: string; candidateId: string; coverLetter: string | null; testScore: number | null; testPassedAt: Date | null; contactUnlockedAt: Date | null; }'.
src/modules/payment/payment.service.ts(543,42): error TS2339: Property 'interview' does not exist on type '{ id: string; status: ApplicationStatus; createdAt: Date; updatedAt: Date; jobId: string; candidateId: string; coverLetter: string | null; testScore: number | null; testPassedAt: Date | null; contactUnlockedAt: Date | null; }'.
src/modules/payment/payment.service.ts(568,85): error TS2339: Property 'interview' does not exist on type '{ id: string; status: ApplicationStatus; createdAt: Date; updatedAt: Date; jobId: string; candidateId: string; coverLetter: string | null; testScore: number | null; testPassedAt: Date | null; contactUnlockedAt: Date | null; }'.
src/modules/payment/payment.service.ts(602,25): error TS2561: Object literal may only specify known properties, but 'Candidate' does not exist in type 'JobApplicationInclude<DefaultArgs>'. Did you mean to write 'candidate'?
src/modules/payment/payment.service.ts(614,21): error TS2551: Property 'application' does not exist on type '{ id: string; status: PaymentStatus; createdAt: Date; updatedAt: Date; applicationId: string; razorpayOrderId: string | null; razorpayPaymentId: string | null; ... 6 more ...; paidAt: Date | null; }'. Did you mean 'applicationId'?
src/modules/payment/payment.service.ts(622,35): error TS2551: Property 'application' does not exist on type '{ id: string; status: PaymentStatus; createdAt: Date; updatedAt: Date; applicationId: string; razorpayOrderId: string | null; razorpayPaymentId: string | null; ... 6 more ...; paidAt: Date | null; }'. Did you mean 'applicationId'?
src/modules/question-bank/question-bank.controller.ts(55,70): error TS2339: Property 'questions' does not exist on type 'BulkUploadDto'.
src/modules/question-bank/question-bank.service.ts(45,29): error TS2304: Cannot find name 'questions'.
src/modules/question-bank/question-bank.service.ts(46,23): error TS2304: Cannot find name 'questions'.
src/modules/question-bank/question-bank.service.ts(64,17): error TS2552: Cannot find name 'createdQuestions'. Did you mean 'createdQuestionBank'?
src/modules/question-bank/question-bank.service.ts(71,22): error TS2304: Cannot find name 'createdQuestions'.
src/modules/question-bank/question-bank.service.ts(218,20): error TS2304: Cannot find name 'questions'.
src/modules/question-bank/question-bank.service.ts(218,48): error TS2304: Cannot find name 'questions'.
src/modules/question-bank/question-bank.service.ts(228,21): error TS2304: Cannot find name 'questions'.
src/modules/question-bank/question-bank.service.ts(232,20): error TS2304: Cannot find name 'questions'.
src/modules/rapid-fire/rapid-fire.service.ts(37,24): error TS2561: Object literal may only specify known properties, but 'testTemplate' does not exist in type 'SkillBucketInclude<DefaultArgs>'. Did you mean to write 'TestTemplate'?
src/modules/rapid-fire/rapid-fire.service.ts(103,39): error TS2551: Property 'testTemplate' does not exist on type '{ id: string; createdAt: Date; updatedAt: Date; name: string; description: string | null; isActive: boolean; testId: string | null; experienceMin: number; experienceMax: number; testTemplateId: string | null; code: string; displayName: string | null; }'. Did you mean 'testTemplateId'?
src/modules/rapid-fire/rapid-fire.service.ts(125,24): error TS2561: Object literal may only specify known properties, but 'testTemplate' does not exist in type 'SkillBucketInclude<DefaultArgs>'. Did you mean to write 'TestTemplate'?
src/modules/rapid-fire/rapid-fire.service.ts(128,39): error TS2551: Property 'testTemplate' does not exist on type '{ id: string; createdAt: Date; updatedAt: Date; name: string; description: string | null; isActive: boolean; testId: string | null; experienceMin: number; experienceMax: number; testTemplateId: string | null; code: string; displayName: string | null; }'. Did you mean 'testTemplateId'?
src/modules/rapid-fire/rapid-fire.service.ts(168,17): error TS2561: Object literal may only specify known properties, but 'totalQuestionBank' does not exist in type '(Without<TestSessionCreateInput, TestSessionUncheckedCreateInput> & TestSessionUncheckedCreateInput) | (Without<...> & TestSessionCreateInput)'. Did you mean to write 'totalQuestions'?
src/modules/referral/referral.service.ts(33,21): error TS2561: Object literal may only specify known properties, but 'Job' does not exist in type '(Without<JobApplicationRelationFilter, JobApplicationWhereInput> & JobApplicationWhereInput) | (Without<...> & JobApplicationRelationFilter)'. Did you mean to write 'job'?
src/modules/referral/referral.service.ts(41,25): error TS2561: Object literal may only specify known properties, but 'Candidate' does not exist in type 'JobApplicationInclude<DefaultArgs>'. Did you mean to write 'candidate'?
src/modules/referral/referral.service.ts(79,36): error TS2551: Property 'Employee' does not exist on type 'typeof ReferralType'. Did you mean 'EMPLOYEE'?
src/modules/referral/referral.service.ts(84,29): error TS2561: Object literal may only specify known properties, but 'Job' does not exist in type '(Without<JobApplicationRelationFilter, JobApplicationWhereInput> & JobApplicationWhereInput) | (Without<...> & JobApplicationRelationFilter)'. Did you mean to write 'job'?
src/modules/referral/referral.service.ts(94,25): error TS2561: Object literal may only specify known properties, but 'Candidate' does not exist in type 'JobApplicationInclude<DefaultArgs>'. Did you mean to write 'candidate'?
src/modules/referral/referral.service.ts(129,25): error TS2561: Object literal may only specify known properties, but 'Job' does not exist in type 'JobApplicationInclude<DefaultArgs>'. Did you mean to write 'job'?
src/modules/referral/referral.service.ts(145,27): error TS2551: Property 'application' does not exist on type '{ id: string; status: ReferralStatus; createdAt: Date; updatedAt: Date; hrId: string | null; expiresAt: Date | null; employeeId: string | null; type: ReferralType; ... 5 more ...; candidateFeedback: string | null; }'. Did you mean 'applicationId'?
src/modules/referral/referral.service.ts(145,58): error TS2551: Property 'application' does not exist on type '{ id: string; status: ReferralStatus; createdAt: Date; updatedAt: Date; hrId: string | null; expiresAt: Date | null; employeeId: string | null; type: ReferralType; ... 5 more ...; candidateFeedback: string | null; }'. Did you mean 'applicationId'?
src/modules/referral/referral.service.ts(158,26): error TS2551: Property 'application' does not exist on type '{ id: string; status: ReferralStatus; createdAt: Date; updatedAt: Date; hrId: string | null; expiresAt: Date | null; employeeId: string | null; type: ReferralType; ... 5 more ...; candidateFeedback: string | null; }'. Did you mean 'applicationId'?
src/modules/referral/referral.service.ts(206,25): error TS2561: Object literal may only specify known properties, but 'Job' does not exist in type 'JobApplicationInclude<DefaultArgs>'. Did you mean to write 'job'?
src/modules/referral/referral.service.ts(217,23): error TS2551: Property 'application' does not exist on type '{ id: string; status: ReferralStatus; createdAt: Date; updatedAt: Date; hrId: string | null; expiresAt: Date | null; employeeId: string | null; type: ReferralType; ... 5 more ...; candidateFeedback: string | null; }'. Did you mean 'applicationId'?
src/modules/referral/referral.service.ts(217,54): error TS2551: Property 'application' does not exist on type '{ id: string; status: ReferralStatus; createdAt: Date; updatedAt: Date; hrId: string | null; expiresAt: Date | null; employeeId: string | null; type: ReferralType; ... 5 more ...; candidateFeedback: string | null; }'. Did you mean 'applicationId'?
src/modules/referral/referral.service.ts(238,25): error TS2561: Object literal may only specify known properties, but 'Job' does not exist in type 'JobApplicationInclude<DefaultArgs>'. Did you mean to write 'job'?
src/modules/referral/referral.service.ts(248,23): error TS2551: Property 'application' does not exist on type '{ id: string; status: ReferralStatus; createdAt: Date; updatedAt: Date; hrId: string | null; expiresAt: Date | null; employeeId: string | null; type: ReferralType; ... 5 more ...; candidateFeedback: string | null; }'. Did you mean 'applicationId'?
src/modules/referral/referral.service.ts(248,54): error TS2551: Property 'application' does not exist on type '{ id: string; status: ReferralStatus; createdAt: Date; updatedAt: Date; hrId: string | null; expiresAt: Date | null; employeeId: string | null; type: ReferralType; ... 5 more ...; candidateFeedback: string | null; }'. Did you mean 'applicationId'?
src/modules/referral/referral.service.ts(264,25): error TS2322: Type 'ApplicationStatus.REJECTED' is not assignable to type 'EnumApplicationStatusFieldUpdateOperationsInput | ApplicationStatus | undefined'.
src/modules/referral/referral.service.ts(285,29): error TS2561: Object literal may only specify known properties, but 'Candidate' does not exist in type 'JobApplicationInclude<DefaultArgs>'. Did you mean to write 'candidate'?
src/modules/referral/referral.service.ts(313,29): error TS2561: Object literal may only specify known properties, but 'Candidate' does not exist in type 'JobApplicationInclude<DefaultArgs>'. Did you mean to write 'candidate'?
src/modules/resume-parser/resume-parser.service.ts(51,28): error TS2353: Object literal may only specify known properties, and 'skills' does not exist in type 'ParsedResumeData'.
src/modules/skill-bucket/skill-bucket.service.ts(46,17): error TS2561: Object literal may only specify known properties, but 'Test' does not exist in type 'SkillBucketInclude<DefaultArgs>'. Did you mean to write 'test'?
src/modules/skill-bucket/skill-bucket.service.ts(72,17): error TS2561: Object literal may only specify known properties, but 'Test' does not exist in type 'SkillBucketInclude<DefaultArgs>'. Did you mean to write 'test'?
src/modules/skill-bucket/skill-bucket.service.ts(91,25): error TS2561: Object literal may only specify known properties, but 'jobs' does not exist in type 'SkillBucketCountOutputTypeSelect<DefaultArgs>'. Did you mean to write 'Job'?
src/modules/skill-bucket/skill-bucket.service.ts(104,17): error TS2561: Object literal may only specify known properties, but 'Test' does not exist in type 'SkillBucketInclude<DefaultArgs>'. Did you mean to write 'test'?
src/modules/skill-bucket/skill-bucket.service.ts(119,17): error TS2561: Object literal may only specify known properties, but 'Test' does not exist in type 'SkillBucketInclude<DefaultArgs>'. Did you mean to write 'test'?
src/modules/skill-bucket/skill-bucket.service.ts(176,17): error TS2561: Object literal may only specify known properties, but 'canReTest' does not exist in type 'SkillTestStatusDto'. Did you mean to write 'canRetest'?
src/modules/skill-bucket/skill-bucket.service.ts(201,17): error TS2561: Object literal may only specify known properties, but 'canReTest' does not exist in type 'SkillTestStatusDto'. Did you mean to write 'canRetest'?
src/modules/skill-bucket/skill-bucket.service.ts(330,38): error TS2551: Property 'skillBucket' does not exist on type '{ SkillBucket: { name: string; code: string; displayName: string | null; }; } & { id: string; skillBucketId: string; candidateId: string; score: number; isPassed: boolean; attemptedAt: Date; validTill: Date | null; retestAllowedAt: Date | null; testSessionId: string | null; }'. Did you mean 'SkillBucket'?
src/modules/skill-bucket/skill-bucket.service.ts(331,38): error TS2551: Property 'skillBucket' does not exist on type '{ SkillBucket: { name: string; code: string; displayName: string | null; }; } & { id: string; skillBucketId: string; candidateId: string; score: number; isPassed: boolean; attemptedAt: Date; validTill: Date | null; retestAllowedAt: Date | null; testSessionId: string | null; }'. Did you mean 'SkillBucket'?
src/modules/skill-bucket/skill-bucket.service.ts(332,34): error TS2551: Property 'skillBucket' does not exist on type '{ SkillBucket: { name: string; code: string; displayName: string | null; }; } & { id: string; skillBucketId: string; candidateId: string; score: number; isPassed: boolean; attemptedAt: Date; validTill: Date | null; retestAllowedAt: Date | null; testSessionId: string | null; }'. Did you mean 'SkillBucket'?
src/modules/skill-bucket/skill-bucket.service.ts(332,69): error TS2551: Property 'skillBucket' does not exist on type '{ SkillBucket: { name: string; code: string; displayName: string | null; }; } & { id: string; skillBucketId: string; candidateId: string; score: number; isPassed: boolean; attemptedAt: Date; validTill: Date | null; retestAllowedAt: Date | null; testSessionId: string | null; }'. Did you mean 'SkillBucket'?
src/modules/skill-bucket/skill-bucket.service.ts(367,17): error TS2561: Object literal may only specify known properties, but 'requiredSkillBucket' does not exist in type 'JobInclude<DefaultArgs>'. Did you mean to write 'JobRequiredSkillBucket'?
src/modules/skill-bucket/skill-bucket.service.ts(389,31): error TS2339: Property 'requiredSkillBuckets' does not exist on type '{ id: string; status: JobStatus; createdAt: Date; updatedAt: Date; companyName: string; title: string; description: string; testId: string | null; slug: string; requirements: string | null; ... 16 more ...; skillBucketId: string | null; }'.
src/modules/skill-bucket/skill-bucket.service.ts(437,25): error TS2561: Object literal may only specify known properties, but 'jobs' does not exist in type 'SkillBucketCountOutputTypeSelect<DefaultArgs>'. Did you mean to write 'Job'?
src/modules/skill-bucket/skill-bucket.service.ts(450,20): error TS2339: Property '_count' does not exist on type '{ id: string; createdAt: Date; updatedAt: Date; name: string; description: string | null; isActive: boolean; testId: string | null; experienceMin: number; experienceMax: number; testTemplateId: string | null; code: string; displayName: string | null; }'.
src/modules/skill-bucket/skill-bucket.service.ts(450,46): error TS2339: Property '_count' does not exist on type '{ id: string; createdAt: Date; updatedAt: Date; name: string; description: string | null; isActive: boolean; testId: string | null; experienceMin: number; experienceMax: number; testTemplateId: string | null; code: string; displayName: string | null; }'.
src/modules/skill-bucket/skill-bucket.service.ts(452,73): error TS2339: Property '_count' does not exist on type '{ id: string; createdAt: Date; updatedAt: Date; name: string; description: string | null; isActive: boolean; testId: string | null; experienceMin: number; experienceMax: number; testTemplateId: string | null; code: string; displayName: string | null; }'.
src/modules/skill-bucket/skill-bucket.service.ts(452,94): error TS2339: Property '_count' does not exist on type '{ id: string; createdAt: Date; updatedAt: Date; name: string; description: string | null; isActive: boolean; testId: string | null; experienceMin: number; experienceMax: number; testTemplateId: string | null; code: string; displayName: string | null; }'.
src/modules/skill-bucket/skill-bucket.service.ts(457,20): error TS2339: Property '_count' does not exist on type '{ id: string; createdAt: Date; updatedAt: Date; name: string; description: string | null; isActive: boolean; testId: string | null; experienceMin: number; experienceMax: number; testTemplateId: string | null; code: string; displayName: string | null; }'.
src/modules/skill-bucket/skill-bucket.service.ts(528,17): error TS2561: Object literal may only specify known properties, but 'SkillBucket' does not exist in type 'JobInclude<DefaultArgs>'. Did you mean to write 'skillBucket'?
src/modules/skill-bucket/skill-bucket.service.ts(543,36): error TS2551: Property 'SkillBucket' does not exist on type '{ id: string; status: JobStatus; createdAt: Date; updatedAt: Date; companyName: string; title: string; description: string; testId: string | null; slug: string; requirements: string | null; ... 16 more ...; skillBucketId: string | null; }'. Did you mean 'skillBucketId'?
src/modules/skill-bucket/skill-bucket.service.ts(544,40): error TS2339: Property 'requiredSkillBuckets' does not exist on type '{ id: string; status: JobStatus; createdAt: Date; updatedAt: Date; companyName: string; title: string; description: string; testId: string | null; slug: string; requirements: string | null; ... 16 more ...; skillBucketId: string | null; }'.
src/modules/test-template/test-template.service.ts(66,35): error TS2561: Object literal may only specify known properties, but 'TestSession' does not exist in type 'TestTemplateCountOutputTypeSelect<DefaultArgs>'. Did you mean to write 'testSessions'?
src/modules/test-template/test-template.service.ts(132,22): error TS2551: Property 'skillBuckets' does not exist on type '{ availableQuestionBank: number; SkillBucket: { id: string; name: string; code: string; }[]; id: string; createdAt: Date; updatedAt: Date; name: string; description: string | null; duration: number; ... 8 more ...; showLiveScore: boolean; }'. Did you mean 'SkillBucket'?
src/modules/test-template/test-template.service.ts(132,47): error TS2551: Property 'skillBuckets' does not exist on type '{ availableQuestionBank: number; SkillBucket: { id: string; name: string; code: string; }[]; id: string; createdAt: Date; updatedAt: Date; name: string; description: string | null; duration: number; ... 8 more ...; showLiveScore: boolean; }'. Did you mean 'SkillBucket'?
src/modules/test/test.service.ts(132,17): error TS2561: Object literal may only specify known properties, but 'totalTestQuestion' does not exist in type '(Without<TestCreateInput, TestUncheckedCreateInput> & TestUncheckedCreateInput) | (Without<...> & TestCreateInput)'. Did you mean to write 'totalQuestions'?
src/modules/test/test.service.ts(189,17): error TS2561: Object literal may only specify known properties, but 'Candidate' does not exist in type 'JobApplicationInclude<DefaultArgs>'. Did you mean to write 'candidate'?
src/modules/test/test.service.ts(199,25): error TS2551: Property 'candidate' does not exist on type '{ id: string; status: ApplicationStatus; createdAt: Date; updatedAt: Date; jobId: string; candidateId: string; coverLetter: string | null; testScore: number | null; testPassedAt: Date | null; contactUnlockedAt: Date | null; }'. Did you mean 'candidateId'?
src/modules/test/test.service.ts(203,13): error TS2367: This comparison appears to be unintentional because the types 'ApplicationStatus' and 'ApplicationStatus.TEST_REQUIRED' have no overlap.
src/modules/test/test.service.ts(207,26): error TS2339: Property 'job' does not exist on type '{ id: string; status: ApplicationStatus; createdAt: Date; updatedAt: Date; jobId: string; candidateId: string; coverLetter: string | null; testScore: number | null; testPassedAt: Date | null; contactUnlockedAt: Date | null; }'.
src/modules/test/test.service.ts(212,45): error TS2339: Property 'testSessions' does not exist on type '{ id: string; status: ApplicationStatus; createdAt: Date; updatedAt: Date; jobId: string; candidateId: string; coverLetter: string | null; testScore: number | null; testPassedAt: Date | null; contactUnlockedAt: Date | null; }'.
src/modules/test/test.service.ts(224,34): error TS2339: Property 'job' does not exist on type '{ id: string; status: ApplicationStatus; createdAt: Date; updatedAt: Date; jobId: string; candidateId: string; coverLetter: string | null; testScore: number | null; testPassedAt: Date | null; contactUnlockedAt: Date | null; }'.
src/modules/test/test.service.ts(242,17): error TS2561: Object literal may only specify known properties, but 'totalTestQuestion' does not exist in type 'Without<TestSessionCreateInput, TestSessionUncheckedCreateInput> & TestSessionUncheckedCreateInput'. Did you mean to write 'totalQuestions'?
src/modules/test/test.service.ts(305,17): error TS2561: Object literal may only specify known properties, but 'Test' does not exist in type 'TestSessionInclude<DefaultArgs>'. Did you mean to write 'test'?
src/modules/test/test.service.ts(328,22): error TS2339: Property 'test' does not exist on type '{ id: string; status: TestSessionStatus; createdAt: Date; totalQuestions: number; testId: string | null; applicationId: string | null; testTemplateId: string | null; ... 10 more ...; answeredCount: number; }'.
src/modules/test/test.service.ts(334,28): error TS2339: Property 'test' does not exist on type '{ id: string; status: TestSessionStatus; createdAt: Date; totalQuestions: number; testId: string | null; applicationId: string | null; testTemplateId: string | null; ... 10 more ...; answeredCount: number; }'.
src/modules/test/test.service.ts(339,32): error TS2339: Property 'test' does not exist on type '{ id: string; status: TestSessionStatus; createdAt: Date; totalQuestions: number; testId: string | null; applicationId: string | null; testTemplateId: string | null; ... 10 more ...; answeredCount: number; }'.
src/modules/test/test.service.ts(340,31): error TS2339: Property 'test' does not exist on type '{ id: string; status: TestSessionStatus; createdAt: Date; totalQuestions: number; testId: string | null; applicationId: string | null; testTemplateId: string | null; ... 10 more ...; answeredCount: number; }'.
src/modules/test/test.service.ts(344,30): error TS2339: Property 'answers' does not exist on type '{ id: string; status: TestSessionStatus; createdAt: Date; totalQuestions: number; testId: string | null; applicationId: string | null; testTemplateId: string | null; ... 10 more ...; answeredCount: number; }'.
src/modules/test/test.service.ts(420,43): error TS2561: Object literal may only specify known properties, but 'Candidate' does not exist in type 'JobApplicationInclude<DefaultArgs>'. Did you mean to write 'candidate'?
src/modules/test/test.service.ts(431,21): error TS2551: Property 'application' does not exist on type '{ id: string; status: TestSessionStatus; createdAt: Date; totalQuestions: number; testId: string | null; applicationId: string | null; testTemplateId: string | null; ... 10 more ...; answeredCount: number; }'. Did you mean 'applicationId'?
src/modules/test/test.service.ts(431,44): error TS2551: Property 'application' does not exist on type '{ id: string; status: TestSessionStatus; createdAt: Date; totalQuestions: number; testId: string | null; applicationId: string | null; testTemplateId: string | null; ... 10 more ...; answeredCount: number; }'. Did you mean 'applicationId'?
src/modules/test/test.service.ts(515,43): error TS2561: Object literal may only specify known properties, but 'Candidate' does not exist in type 'JobApplicationInclude<DefaultArgs>'. Did you mean to write 'candidate'?
src/modules/test/test.service.ts(566,21): error TS2561: Object literal may only specify known properties, but 'Candidate' does not exist in type 'JobApplicationInclude<DefaultArgs>'. Did you mean to write 'candidate'?
src/modules/test/test.service.ts(575,30): error TS2339: Property 'Job' does not exist on type '{ id: string; status: ApplicationStatus; createdAt: Date; updatedAt: Date; jobId: string; candidateId: string; coverLetter: string | null; testScore: number | null; testPassedAt: Date | null; contactUnlockedAt: Date | null; }'.
src/modules/test/test.service.ts(577,33): error TS2551: Property 'candidate' does not exist on type '{ id: string; status: ApplicationStatus; createdAt: Date; updatedAt: Date; jobId: string; candidateId: string; coverLetter: string | null; testScore: number | null; testPassedAt: Date | null; contactUnlockedAt: Date | null; }'. Did you mean 'candidateId'?
src/modules/test/test.service.ts(578,33): error TS2339: Property 'job' does not exist on type '{ id: string; status: ApplicationStatus; createdAt: Date; updatedAt: Date; jobId: string; candidateId: string; coverLetter: string | null; testScore: number | null; testPassedAt: Date | null; contactUnlockedAt: Date | null; }'.
src/modules/test/test.service.ts(584,78): error TS2551: Property 'candidate' does not exist on type '{ id: string; status: ApplicationStatus; createdAt: Date; updatedAt: Date; jobId: string; candidateId: string; coverLetter: string | null; testScore: number | null; testPassedAt: Date | null; contactUnlockedAt: Date | null; }'. Did you mean 'candidateId'?
src/modules/test/test.service.ts(585,52): error TS2339: Property 'job' does not exist on type '{ id: string; status: ApplicationStatus; createdAt: Date; updatedAt: Date; jobId: string; candidateId: string; coverLetter: string | null; testScore: number | null; testPassedAt: Date | null; contactUnlockedAt: Date | null; }'.
